Analysis & Synthesis report for Lab8
Fri Apr 24 16:42:33 2026
Quartus Prime Version 22.1std.2 Build 922 07/20/2023 SC Lite Edition


---------------------
; Table of Contents ;
---------------------
  1. Legal Notice
  2. Analysis & Synthesis Summary
  3. Analysis & Synthesis Settings
  4. Parallel Compilation
  5. Analysis & Synthesis Source Files Read
  6. Analysis & Synthesis Resource Usage Summary
  7. Analysis & Synthesis Resource Utilization by Entity
  8. General Register Statistics
  9. Port Connectivity Checks: "ADD16:inst3|ADD4:add_4"
 10. Port Connectivity Checks: "ADD16:inst3|ADD4:add_3"
 11. Port Connectivity Checks: "ADD16:inst3|ADD4:add_2"
 12. Port Connectivity Checks: "ADD16:inst3|ADD4:add_1"
 13. Port Connectivity Checks: "INCTWO:inst2|ALU16:alu0|ALU4:alu3"
 14. Port Connectivity Checks: "INCTWO:inst2|ALU16:alu0|ALU4:alu2"
 15. Port Connectivity Checks: "INCTWO:inst2|ALU16:alu0|ALU4:alu1"
 16. Port Connectivity Checks: "INCTWO:inst2|ALU16:alu0|ALU4:alu0|MUX4X4:mux"
 17. Port Connectivity Checks: "INCTWO:inst2|ALU16:alu0|ALU4:alu0"
 18. Port Connectivity Checks: "INCTWO:inst2|ALU16:alu0"
 19. Post-Synthesis Netlist Statistics for Top Partition
 20. Elapsed Time Per Partition
 21. Analysis & Synthesis Messages



----------------
; Legal Notice ;
----------------
Copyright (C) 2023  Intel Corporation. All rights reserved.
Your use of Intel Corporation's design tools, logic functions 
and other software and tools, and any partner logic 
functions, and any output files from any of the foregoing 
(including device programming or simulation files), and any 
associated documentation or information are expressly subject 
to the terms and conditions of the Intel Program License 
Subscription Agreement, the Intel Quartus Prime License Agreement,
the Intel FPGA IP License Agreement, or other applicable license
agreement, including, without limitation, that your use is for
the sole purpose of programming logic devices manufactured by
Intel and sold by Intel or its authorized distributors.  Please
refer to the applicable agreement for further details, at
https://fpgasoftware.intel.com/eula.



+-------------------------------------------------------------------------------------+
; Analysis & Synthesis Summary                                                        ;
+------------------------------------+------------------------------------------------+
; Analysis & Synthesis Status        ; Successful - Fri Apr 24 16:42:33 2026          ;
; Quartus Prime Version              ; 22.1std.2 Build 922 07/20/2023 SC Lite Edition ;
; Revision Name                      ; Lab8                                           ;
; Top-level Entity Name              ; m16dp1                                         ;
; Family                             ; Cyclone IV E                                   ;
; Total logic elements               ; 0                                              ;
;     Total combinational functions  ; 0                                              ;
;     Dedicated logic registers      ; 0                                              ;
; Total registers                    ; 0                                              ;
; Total pins                         ; 19                                             ;
; Total virtual pins                 ; 0                                              ;
; Total memory bits                  ; 0                                              ;
; Embedded Multiplier 9-bit elements ; 0                                              ;
; Total PLLs                         ; 0                                              ;
+------------------------------------+------------------------------------------------+


+------------------------------------------------------------------------------------------------------------+
; Analysis & Synthesis Settings                                                                              ;
+------------------------------------------------------------------+--------------------+--------------------+
; Option                                                           ; Setting            ; Default Value      ;
+------------------------------------------------------------------+--------------------+--------------------+
; Device                                                           ; EP4CE115F29C7      ;                    ;
; Top-level entity name                                            ; m16dp1             ; Lab8               ;
; Family name                                                      ; Cyclone IV E       ; Cyclone V          ;
; Use smart compilation                                            ; Off                ; Off                ;
; Enable parallel Assembler and Timing Analyzer during compilation ; On                 ; On                 ;
; Enable compact report table                                      ; Off                ; Off                ;
; Restructure Multiplexers                                         ; Auto               ; Auto               ;
; Create Debugging Nodes for IP Cores                              ; Off                ; Off                ;
; Preserve fewer node names                                        ; On                 ; On                 ;
; Intel FPGA IP Evaluation Mode                                    ; Enable             ; Enable             ;
; Verilog Version                                                  ; Verilog_2001       ; Verilog_2001       ;
; VHDL Version                                                     ; VHDL_1993          ; VHDL_1993          ;
; State Machine Processing                                         ; Auto               ; Auto               ;
; Safe State Machine                                               ; Off                ; Off                ;
; Extract Verilog State Machines                                   ; On                 ; On                 ;
; Extract VHDL State Machines                                      ; On                 ; On                 ;
; Ignore Verilog initial constructs                                ; Off                ; Off                ;
; Iteration limit for constant Verilog loops                       ; 5000               ; 5000               ;
; Iteration limit for non-constant Verilog loops                   ; 250                ; 250                ;
; Add Pass-Through Logic to Inferred RAMs                          ; On                 ; On                 ;
; Infer RAMs from Raw Logic                                        ; On                 ; On                 ;
; Parallel Synthesis                                               ; On                 ; On                 ;
; DSP Block Balancing                                              ; Auto               ; Auto               ;
; NOT Gate Push-Back                                               ; On                 ; On                 ;
; Power-Up Don't Care                                              ; On                 ; On                 ;
; Remove Redundant Logic Cells                                     ; Off                ; Off                ;
; Remove Duplicate Registers                                       ; On                 ; On                 ;
; Ignore CARRY Buffers                                             ; Off                ; Off                ;
; Ignore CASCADE Buffers                                           ; Off                ; Off                ;
; Ignore GLOBAL Buffers                                            ; Off                ; Off                ;
; Ignore ROW GLOBAL Buffers                                        ; Off                ; Off                ;
; Ignore LCELL Buffers                                             ; Off                ; Off                ;
; Ignore SOFT Buffers                                              ; On                 ; On                 ;
; Limit AHDL Integers to 32 Bits                                   ; Off                ; Off                ;
; Optimization Technique                                           ; Balanced           ; Balanced           ;
; Carry Chain Length                                               ; 70                 ; 70                 ;
; Auto Carry Chains                                                ; On                 ; On                 ;
; Auto Open-Drain Pins                                             ; On                 ; On                 ;
; Perform WYSIWYG Primitive Resynthesis                            ; Off                ; Off                ;
; Auto ROM Replacement                                             ; On                 ; On                 ;
; Auto RAM Replacement                                             ; On                 ; On                 ;
; Auto DSP Block Replacement                                       ; On                 ; On                 ;
; Auto Shift Register Replacement                                  ; Auto               ; Auto               ;
; Allow Shift Register Merging across Hierarchies                  ; Auto               ; Auto               ;
; Auto Clock Enable Replacement                                    ; On                 ; On                 ;
; Strict RAM Replacement                                           ; Off                ; Off                ;
; Allow Synchronous Control Signals                                ; On                 ; On                 ;
; Force Use of Synchronous Clear Signals                           ; Off                ; Off                ;
; Auto RAM Block Balancing                                         ; On                 ; On                 ;
; Auto RAM to Logic Cell Conversion                                ; Off                ; Off                ;
; Auto Resource Sharing                                            ; Off                ; Off                ;
; Allow Any RAM Size For Recognition                               ; Off                ; Off                ;
; Allow Any ROM Size For Recognition                               ; Off                ; Off                ;
; Allow Any Shift Register Size For Recognition                    ; Off                ; Off                ;
; Use LogicLock Constraints during Resource Balancing              ; On                 ; On                 ;
; Ignore translate_off and synthesis_off directives                ; Off                ; Off                ;
; Timing-Driven Synthesis                                          ; On                 ; On                 ;
; Report Parameter Settings                                        ; On                 ; On                 ;
; Report Source Assignments                                        ; On                 ; On                 ;
; Report Connectivity Checks                                       ; On                 ; On                 ;
; Ignore Maximum Fan-Out Assignments                               ; Off                ; Off                ;
; Synchronization Register Chain Length                            ; 2                  ; 2                  ;
; Power Optimization During Synthesis                              ; Normal compilation ; Normal compilation ;
; HDL message level                                                ; Level2             ; Level2             ;
; Suppress Register Optimization Related Messages                  ; Off                ; Off                ;
; Number of Removed Registers Reported in Synthesis Report         ; 5000               ; 5000               ;
; Number of Swept Nodes Reported in Synthesis Report               ; 5000               ; 5000               ;
; Number of Inverted Registers Reported in Synthesis Report        ; 100                ; 100                ;
; Clock MUX Protection                                             ; On                 ; On                 ;
; Auto Gated Clock Conversion                                      ; Off                ; Off                ;
; Block Design Naming                                              ; Auto               ; Auto               ;
; SDC constraint protection                                        ; Off                ; Off                ;
; Synthesis Effort                                                 ; Auto               ; Auto               ;
; Shift Register Replacement - Allow Asynchronous Clear Signal     ; On                 ; On                 ;
; Pre-Mapping Resynthesis Optimization                             ; Off                ; Off                ;
; Analysis & Synthesis Message Level                               ; Medium             ; Medium             ;
; Disable Register Merging Across Hierarchies                      ; Auto               ; Auto               ;
; Resource Aware Inference For Block RAM                           ; On                 ; On                 ;
+------------------------------------------------------------------+--------------------+--------------------+


+------------------------------------------+
; Parallel Compilation                     ;
+----------------------------+-------------+
; Processors                 ; Number      ;
+----------------------------+-------------+
; Number detected on machine ; 8           ;
; Maximum allowed            ; 4           ;
;                            ;             ;
; Average used               ; 1.00        ;
; Maximum used               ; 1           ;
;                            ;             ;
; Usage by Processor         ; % Time Used ;
;     Processor 1            ; 100.0%      ;
+----------------------------+-------------+


+---------------------------------------------------------------------------------------------------------------------------------------------------------------------+
; Analysis & Synthesis Source Files Read                                                                                                                              ;
+----------------------------------+-----------------+------------------------------------+-----------------------------------------------------------------+---------+
; File Name with User-Entered Path ; Used in Netlist ; File Type                          ; File Name with Absolute Path                                    ; Library ;
+----------------------------------+-----------------+------------------------------------+-----------------------------------------------------------------+---------+
; ../Lab_4/DCD3x8.vhd              ; yes             ; User VHDL File                     ; D:/Users/akmooreschultz/Desktop/EE443_Labs/Lab_4/DCD3x8.vhd     ;         ;
; ../Lab_5/PINV4.vhd               ; yes             ; User VHDL File                     ; D:/Users/akmooreschultz/Desktop/EE443_Labs/Lab_5/PINV4.vhd      ;         ;
; ../Lab_5/MUX4X4.vhd              ; yes             ; User VHDL File                     ; D:/Users/akmooreschultz/Desktop/EE443_Labs/Lab_5/MUX4X4.vhd     ;         ;
; ../Lab_5/BWOR4.vhd               ; yes             ; User VHDL File                     ; D:/Users/akmooreschultz/Desktop/EE443_Labs/Lab_5/BWOR4.vhd      ;         ;
; ../Lab_5/BWAND4.vhd              ; yes             ; User VHDL File                     ; D:/Users/akmooreschultz/Desktop/EE443_Labs/Lab_5/BWAND4.vhd     ;         ;
; ../Lab_5/ALU4.vhd                ; yes             ; User VHDL File                     ; D:/Users/akmooreschultz/Desktop/EE443_Labs/Lab_5/ALU4.vhd       ;         ;
; ../Lab_5/ALU16.vhd               ; yes             ; User VHDL File                     ; D:/Users/akmooreschultz/Desktop/EE443_Labs/Lab_5/ALU16.vhd      ;         ;
; ../Lab_5/ADD4.vhd                ; yes             ; User VHDL File                     ; D:/Users/akmooreschultz/Desktop/EE443_Labs/Lab_5/ADD4.vhd       ;         ;
; ../Lab_6/SGNEXT6x16.vhd          ; yes             ; User VHDL File                     ; D:/Users/akmooreschultz/Desktop/EE443_Labs/Lab_6/SGNEXT6x16.vhd ;         ;
; ../Lab_6/MUX2X16.vhd             ; yes             ; User VHDL File                     ; D:/Users/akmooreschultz/Desktop/EE443_Labs/Lab_6/MUX2X16.vhd    ;         ;
; ../Lab_6/INS_MEM.vhd             ; yes             ; User VHDL File                     ; D:/Users/akmooreschultz/Desktop/EE443_Labs/Lab_6/INS_MEM.vhd    ;         ;
; ../Lab_6/INCTWO.vhd              ; yes             ; User VHDL File                     ; D:/Users/akmooreschultz/Desktop/EE443_Labs/Lab_6/INCTWO.vhd     ;         ;
; ../Lab_6/DCD5X32.vhd             ; yes             ; User VHDL File                     ; D:/Users/akmooreschultz/Desktop/EE443_Labs/Lab_6/DCD5X32.vhd    ;         ;
; ../Lab_6/DCD3X8_EN.vhd           ; yes             ; User VHDL File                     ; D:/Users/akmooreschultz/Desktop/EE443_Labs/Lab_6/DCD3X8_EN.vhd  ;         ;
; ../Lab_6/DAT_MEM.vhd             ; yes             ; User VHDL File                     ; D:/Users/akmooreschultz/Desktop/EE443_Labs/Lab_6/DAT_MEM.vhd    ;         ;
; ../Lab_6/ADD16.vhd               ; yes             ; User VHDL File                     ; D:/Users/akmooreschultz/Desktop/EE443_Labs/Lab_6/ADD16.vhd      ;         ;
; ../Lab_7/PCJMP.vhd               ; yes             ; User VHDL File                     ; D:/Users/akmooreschultz/Desktop/EE443_Labs/Lab_7/PCJMP.vhd      ;         ;
; ../Lab 0/REG8.vhd                ; yes             ; User VHDL File                     ; D:/Users/akmooreschultz/Desktop/EE443_Labs/Lab 0/REG8.vhd       ;         ;
; ../Lab 0/REG16.vhd               ; yes             ; User VHDL File                     ; D:/Users/akmooreschultz/Desktop/EE443_Labs/Lab 0/REG16.vhd      ;         ;
; PC.vhd                           ; yes             ; User VHDL File                     ; D:/Users/akmooreschultz/Desktop/EE443_Labs/Lab_8/PC.vhd         ;         ;
; CONTROL.vhd                      ; yes             ; User VHDL File                     ; D:/Users/akmooreschultz/Desktop/EE443_Labs/Lab_8/CONTROL.vhd    ;         ;
; m16dp.bdf                        ; yes             ; User Block Diagram/Schematic File  ; D:/Users/akmooreschultz/Desktop/EE443_Labs/Lab_8/m16dp.bdf      ;         ;
; m16dp1.bdf                       ; yes             ; User Block Diagram/Schematic File  ; D:/Users/akmooreschultz/Desktop/EE443_Labs/Lab_8/m16dp1.bdf     ;         ;
+----------------------------------+-----------------+------------------------------------+-----------------------------------------------------------------+---------+


+-----------------------------------------------------+
; Analysis & Synthesis Resource Usage Summary         ;
+---------------------------------------------+-------+
; Resource                                    ; Usage ;
+---------------------------------------------+-------+
;                                             ;       ;
; Total combinational functions               ; 0     ;
; Logic element usage by number of LUT inputs ;       ;
;     -- 4 input functions                    ; 0     ;
;     -- 3 input functions                    ; 0     ;
;     -- <=2 input functions                  ; 0     ;
;                                             ;       ;
; Logic elements by mode                      ;       ;
;     -- normal mode                          ; 0     ;
;     -- arithmetic mode                      ; 0     ;
;                                             ;       ;
; Total registers                             ; 0     ;
;     -- Dedicated logic registers            ; 0     ;
;     -- I/O registers                        ; 0     ;
;                                             ;       ;
; I/O pins                                    ; 19    ;
;                                             ;       ;
; Embedded Multiplier 9-bit elements          ; 0     ;
;                                             ;       ;
; Maximum fan-out node                        ; CLK   ;
; Maximum fan-out                             ; 1     ;
; Total fan-out                               ; 19    ;
; Average fan-out                             ; 0.50  ;
+---------------------------------------------+-------+


+----------------------------------------------------------------------------------------------------------------------------------------------------------------------------------------------------------+
; Analysis & Synthesis Resource Utilization by Entity                                                                                                                                                      ;
+----------------------------+---------------------+---------------------------+-------------+--------------+---------+-----------+------+--------------+---------------------+-------------+--------------+
; Compilation Hierarchy Node ; Combinational ALUTs ; Dedicated Logic Registers ; Memory Bits ; DSP Elements ; DSP 9x9 ; DSP 18x18 ; Pins ; Virtual Pins ; Full Hierarchy Name ; Entity Name ; Library Name ;
+----------------------------+---------------------+---------------------------+-------------+--------------+---------+-----------+------+--------------+---------------------+-------------+--------------+
; |m16dp1                    ; 0 (0)               ; 0 (0)                     ; 0           ; 0            ; 0       ; 0         ; 19   ; 0            ; |m16dp1             ; m16dp1      ; work         ;
+----------------------------+---------------------+---------------------------+-------------+--------------+---------+-----------+------+--------------+---------------------+-------------+--------------+
Note: For table entries with two numbers listed, the numbers in parentheses indicate the number of resources of the given type used by the specific entity alone. The numbers listed outside of parentheses indicate the total resources of the given type used by the specific entity and all of its sub-entities in the hierarchy.


+------------------------------------------------------+
; General Register Statistics                          ;
+----------------------------------------------+-------+
; Statistic                                    ; Value ;
+----------------------------------------------+-------+
; Total registers                              ; 0     ;
; Number of registers using Synchronous Clear  ; 0     ;
; Number of registers using Synchronous Load   ; 0     ;
; Number of registers using Asynchronous Clear ; 0     ;
; Number of registers using Asynchronous Load  ; 0     ;
; Number of registers using Clock Enable       ; 0     ;
; Number of registers using Preset             ; 0     ;
+----------------------------------------------+-------+


+----------------------------------------------------------------------------------------------------------------+
; Port Connectivity Checks: "ADD16:inst3|ADD4:add_4"                                                             ;
+------+--------+----------+-------------------------------------------------------------------------------------+
; Port ; Type   ; Severity ; Details                                                                             ;
+------+--------+----------+-------------------------------------------------------------------------------------+
; c4   ; Output ; Info     ; Connected to dangling logic. Logic that only feeds a dangling port will be removed. ;
; over ; Output ; Info     ; Connected to dangling logic. Logic that only feeds a dangling port will be removed. ;
+------+--------+----------+-------------------------------------------------------------------------------------+


+----------------------------------------------------------------------------------------------------------------+
; Port Connectivity Checks: "ADD16:inst3|ADD4:add_3"                                                             ;
+------+--------+----------+-------------------------------------------------------------------------------------+
; Port ; Type   ; Severity ; Details                                                                             ;
+------+--------+----------+-------------------------------------------------------------------------------------+
; over ; Output ; Info     ; Connected to dangling logic. Logic that only feeds a dangling port will be removed. ;
+------+--------+----------+-------------------------------------------------------------------------------------+


+----------------------------------------------------------------------------------------------------------------+
; Port Connectivity Checks: "ADD16:inst3|ADD4:add_2"                                                             ;
+------+--------+----------+-------------------------------------------------------------------------------------+
; Port ; Type   ; Severity ; Details                                                                             ;
+------+--------+----------+-------------------------------------------------------------------------------------+
; over ; Output ; Info     ; Connected to dangling logic. Logic that only feeds a dangling port will be removed. ;
+------+--------+----------+-------------------------------------------------------------------------------------+


+----------------------------------------------------------------------------------------------------------------+
; Port Connectivity Checks: "ADD16:inst3|ADD4:add_1"                                                             ;
+------+--------+----------+-------------------------------------------------------------------------------------+
; Port ; Type   ; Severity ; Details                                                                             ;
+------+--------+----------+-------------------------------------------------------------------------------------+
; c0   ; Input  ; Info     ; Stuck at GND                                                                        ;
; over ; Output ; Info     ; Connected to dangling logic. Logic that only feeds a dangling port will be removed. ;
+------+--------+----------+-------------------------------------------------------------------------------------+


+---------------------------------------------------------------+
; Port Connectivity Checks: "INCTWO:inst2|ALU16:alu0|ALU4:alu3" ;
+------+-------+----------+-------------------------------------+
; Port ; Type  ; Severity ; Details                             ;
+------+-------+----------+-------------------------------------+
; less ; Input ; Info     ; Stuck at GND                        ;
+------+-------+----------+-------------------------------------+


+--------------------------------------------------------------------------------------------------------------------+
; Port Connectivity Checks: "INCTWO:inst2|ALU16:alu0|ALU4:alu2"                                                      ;
+----------+--------+----------+-------------------------------------------------------------------------------------+
; Port     ; Type   ; Severity ; Details                                                                             ;
+----------+--------+----------+-------------------------------------------------------------------------------------+
; less     ; Input  ; Info     ; Stuck at GND                                                                        ;
; overflow ; Output ; Info     ; Connected to dangling logic. Logic that only feeds a dangling port will be removed. ;
; set      ; Output ; Info     ; Connected to dangling logic. Logic that only feeds a dangling port will be removed. ;
+----------+--------+----------+-------------------------------------------------------------------------------------+


+--------------------------------------------------------------------------------------------------------------------+
; Port Connectivity Checks: "INCTWO:inst2|ALU16:alu0|ALU4:alu1"                                                      ;
+----------+--------+----------+-------------------------------------------------------------------------------------+
; Port     ; Type   ; Severity ; Details                                                                             ;
+----------+--------+----------+-------------------------------------------------------------------------------------+
; less     ; Input  ; Info     ; Stuck at GND                                                                        ;
; overflow ; Output ; Info     ; Connected to dangling logic. Logic that only feeds a dangling port will be removed. ;
; set      ; Output ; Info     ; Connected to dangling logic. Logic that only feeds a dangling port will be removed. ;
+----------+--------+----------+-------------------------------------------------------------------------------------+


+--------------------------------------------------------------------------+
; Port Connectivity Checks: "INCTWO:inst2|ALU16:alu0|ALU4:alu0|MUX4X4:mux" ;
+-----------+-------+----------+-------------------------------------------+
; Port      ; Type  ; Severity ; Details                                   ;
+-----------+-------+----------+-------------------------------------------+
; in4[2..0] ; Input ; Info     ; Stuck at GND                              ;
+-----------+-------+----------+-------------------------------------------+


+--------------------------------------------------------------------------------------------------------------------+
; Port Connectivity Checks: "INCTWO:inst2|ALU16:alu0|ALU4:alu0"                                                      ;
+----------+--------+----------+-------------------------------------------------------------------------------------+
; Port     ; Type   ; Severity ; Details                                                                             ;
+----------+--------+----------+-------------------------------------------------------------------------------------+
; overflow ; Output ; Info     ; Connected to dangling logic. Logic that only feeds a dangling port will be removed. ;
; set      ; Output ; Info     ; Connected to dangling logic. Logic that only feeds a dangling port will be removed. ;
+----------+--------+----------+-------------------------------------------------------------------------------------+


+--------------------------------------------------------------------------------------------------------------------+
; Port Connectivity Checks: "INCTWO:inst2|ALU16:alu0"                                                                ;
+----------+--------+----------+-------------------------------------------------------------------------------------+
; Port     ; Type   ; Severity ; Details                                                                             ;
+----------+--------+----------+-------------------------------------------------------------------------------------+
; b[15..2] ; Input  ; Info     ; Stuck at GND                                                                        ;
; b[1]     ; Input  ; Info     ; Stuck at VCC                                                                        ;
; b[0]     ; Input  ; Info     ; Stuck at GND                                                                        ;
; sel[2]   ; Input  ; Info     ; Stuck at GND                                                                        ;
; sel[1]   ; Input  ; Info     ; Stuck at VCC                                                                        ;
; sel[0]   ; Input  ; Info     ; Stuck at GND                                                                        ;
; cout     ; Output ; Info     ; Connected to dangling logic. Logic that only feeds a dangling port will be removed. ;
; overflow ; Output ; Info     ; Connected to dangling logic. Logic that only feeds a dangling port will be removed. ;
; zero     ; Output ; Info     ; Connected to dangling logic. Logic that only feeds a dangling port will be removed. ;
+----------+--------+----------+-------------------------------------------------------------------------------------+


+-----------------------------------------------------+
; Post-Synthesis Netlist Statistics for Top Partition ;
+-------------------+---------------------------------+
; Type              ; Count                           ;
+-------------------+---------------------------------+
; boundary_port     ; 19                              ;
;                   ;                                 ;
; Max LUT depth     ; 0.00                            ;
; Average LUT depth ; 0.00                            ;
+-------------------+---------------------------------+


+-------------------------------+
; Elapsed Time Per Partition    ;
+----------------+--------------+
; Partition Name ; Elapsed Time ;
+----------------+--------------+
; Top            ; 00:00:00     ;
+----------------+--------------+


+-------------------------------+
; Analysis & Synthesis Messages ;
+-------------------------------+
Info: *******************************************************************
Info: Running Quartus Prime Analysis & Synthesis
    Info: Version 22.1std.2 Build 922 07/20/2023 SC Lite Edition
    Info: Processing started: Fri Apr 24 16:42:26 2026
Info: Command: quartus_map --read_settings_files=on --write_settings_files=off Lab8 -c Lab8
Warning (18236): Number of processors has not been specified which may cause overloading on shared machines.  Set the global assignment NUM_PARALLEL_PROCESSORS in your QSF to an appropriate value for best performance.
Info (20030): Parallel compilation is enabled and will use 4 of the 4 processors detected
Info (12021): Found 2 design units, including 1 entities, in source file /users/akmooreschultz/desktop/ee443_labs/lab_4/reg8x16.vhd
    Info (12022): Found design unit 1: REG8X16-behavior File: D:/Users/akmooreschultz/Desktop/EE443_Labs/Lab_4/REG8x16.vhd Line: 13
    Info (12023): Found entity 1: REG8X16 File: D:/Users/akmooreschultz/Desktop/EE443_Labs/Lab_4/REG8x16.vhd Line: 4
Info (12021): Found 2 design units, including 1 entities, in source file /users/akmooreschultz/desktop/ee443_labs/lab_4/mux8x16.vhd
    Info (12022): Found design unit 1: MUX8X16-behavior File: D:/Users/akmooreschultz/Desktop/EE443_Labs/Lab_4/MUX8X16.vhd Line: 12
    Info (12023): Found entity 1: MUX8X16 File: D:/Users/akmooreschultz/Desktop/EE443_Labs/Lab_4/MUX8X16.vhd Line: 4
Info (12021): Found 2 design units, including 1 entities, in source file /users/akmooreschultz/desktop/ee443_labs/lab_4/mux4x16.vhd
    Info (12022): Found design unit 1: MUX4X16-behavior File: D:/Users/akmooreschultz/Desktop/EE443_Labs/Lab_4/MUX4X16.vhd Line: 12
    Info (12023): Found entity 1: MUX4X16 File: D:/Users/akmooreschultz/Desktop/EE443_Labs/Lab_4/MUX4X16.vhd Line: 4
Info (12021): Found 2 design units, including 1 entities, in source file /users/akmooreschultz/desktop/ee443_labs/lab_4/dcd3x8.vhd
    Info (12022): Found design unit 1: DCD3x8-behavior File: D:/Users/akmooreschultz/Desktop/EE443_Labs/Lab_4/DCD3x8.vhd Line: 11
    Info (12023): Found entity 1: DCD3x8 File: D:/Users/akmooreschultz/Desktop/EE443_Labs/Lab_4/DCD3x8.vhd Line: 5
Info (12021): Found 2 design units, including 1 entities, in source file /users/akmooreschultz/desktop/ee443_labs/lab_5/pinv4.vhd
    Info (12022): Found design unit 1: PINV4-behavior File: D:/Users/akmooreschultz/Desktop/EE443_Labs/Lab_5/PINV4.vhd Line: 12
    Info (12023): Found entity 1: PINV4 File: D:/Users/akmooreschultz/Desktop/EE443_Labs/Lab_5/PINV4.vhd Line: 4
Info (12021): Found 2 design units, including 1 entities, in source file /users/akmooreschultz/desktop/ee443_labs/lab_5/mux4x4.vhd
    Info (12022): Found design unit 1: MUX4X4-behavior File: D:/Users/akmooreschultz/Desktop/EE443_Labs/Lab_5/MUX4X4.vhd Line: 12
    Info (12023): Found entity 1: MUX4X4 File: D:/Users/akmooreschultz/Desktop/EE443_Labs/Lab_5/MUX4X4.vhd Line: 5
Info (12021): Found 2 design units, including 1 entities, in source file /users/akmooreschultz/desktop/ee443_labs/lab_5/bwor4.vhd
    Info (12022): Found design unit 1: BWOR4-behavior File: D:/Users/akmooreschultz/Desktop/EE443_Labs/Lab_5/BWOR4.vhd Line: 11
    Info (12023): Found entity 1: BWOR4 File: D:/Users/akmooreschultz/Desktop/EE443_Labs/Lab_5/BWOR4.vhd Line: 4
Info (12021): Found 2 design units, including 1 entities, in source file /users/akmooreschultz/desktop/ee443_labs/lab_5/bwand4.vhd
    Info (12022): Found design unit 1: BWAND4-behavior File: D:/Users/akmooreschultz/Desktop/EE443_Labs/Lab_5/BWAND4.vhd Line: 11
    Info (12023): Found entity 1: BWAND4 File: D:/Users/akmooreschultz/Desktop/EE443_Labs/Lab_5/BWAND4.vhd Line: 4
Info (12021): Found 2 design units, including 1 entities, in source file /users/akmooreschultz/desktop/ee443_labs/lab_5/alu4.vhd
    Info (12022): Found design unit 1: ALU4-behavior File: D:/Users/akmooreschultz/Desktop/EE443_Labs/Lab_5/ALU4.vhd Line: 14
    Info (12023): Found entity 1: ALU4 File: D:/Users/akmooreschultz/Desktop/EE443_Labs/Lab_5/ALU4.vhd Line: 5
Info (12021): Found 2 design units, including 1 entities, in source file /users/akmooreschultz/desktop/ee443_labs/lab_5/alu16.vhd
    Info (12022): Found design unit 1: ALU16-behavior File: D:/Users/akmooreschultz/Desktop/EE443_Labs/Lab_5/ALU16.vhd Line: 13
    Info (12023): Found entity 1: ALU16 File: D:/Users/akmooreschultz/Desktop/EE443_Labs/Lab_5/ALU16.vhd Line: 5
Info (12021): Found 2 design units, including 1 entities, in source file /users/akmooreschultz/desktop/ee443_labs/lab_5/add4.vhd
    Info (12022): Found design unit 1: ADD4-behavior File: D:/Users/akmooreschultz/Desktop/EE443_Labs/Lab_5/ADD4.vhd Line: 14
    Info (12023): Found entity 1: ADD4 File: D:/Users/akmooreschultz/Desktop/EE443_Labs/Lab_5/ADD4.vhd Line: 4
Info (12021): Found 2 design units, including 1 entities, in source file /users/akmooreschultz/desktop/ee443_labs/lab_6/shlone.vhd
    Info (12022): Found design unit 1: SHLONE-behavior File: D:/Users/akmooreschultz/Desktop/EE443_Labs/Lab_6/SHLONE.vhd Line: 11
    Info (12023): Found entity 1: SHLONE File: D:/Users/akmooreschultz/Desktop/EE443_Labs/Lab_6/SHLONE.vhd Line: 5
Info (12021): Found 2 design units, including 1 entities, in source file /users/akmooreschultz/desktop/ee443_labs/lab_6/sgnext6x16.vhd
    Info (12022): Found design unit 1: SGNEXT6x16-behavior File: D:/Users/akmooreschultz/Desktop/EE443_Labs/Lab_6/SGNEXT6x16.vhd Line: 11
    Info (12023): Found entity 1: SGNEXT6x16 File: D:/Users/akmooreschultz/Desktop/EE443_Labs/Lab_6/SGNEXT6x16.vhd Line: 5
Info (12021): Found 2 design units, including 1 entities, in source file /users/akmooreschultz/desktop/ee443_labs/lab_6/mux2x16.vhd
    Info (12022): Found design unit 1: MUX2X16-behavior File: D:/Users/akmooreschultz/Desktop/EE443_Labs/Lab_6/MUX2X16.vhd Line: 13
    Info (12023): Found entity 1: MUX2X16 File: D:/Users/akmooreschultz/Desktop/EE443_Labs/Lab_6/MUX2X16.vhd Line: 5
Info (12021): Found 2 design units, including 1 entities, in source file /users/akmooreschultz/desktop/ee443_labs/lab_6/ins_mem.vhd
    Info (12022): Found design unit 1: INS_MEM-behavior File: D:/Users/akmooreschultz/Desktop/EE443_Labs/Lab_6/INS_MEM.vhd Line: 11
    Info (12023): Found entity 1: INS_MEM File: D:/Users/akmooreschultz/Desktop/EE443_Labs/Lab_6/INS_MEM.vhd Line: 5
Info (12021): Found 2 design units, including 1 entities, in source file /users/akmooreschultz/desktop/ee443_labs/lab_6/inctwo.vhd
    Info (12022): Found design unit 1: INCTWO-behavior File: D:/Users/akmooreschultz/Desktop/EE443_Labs/Lab_6/INCTWO.vhd Line: 11
    Info (12023): Found entity 1: INCTWO File: D:/Users/akmooreschultz/Desktop/EE443_Labs/Lab_6/INCTWO.vhd Line: 5
Info (12021): Found 2 design units, including 1 entities, in source file /users/akmooreschultz/desktop/ee443_labs/lab_6/dcd5x32.vhd
    Info (12022): Found design unit 1: DCD5X32-behavior File: D:/Users/akmooreschultz/Desktop/EE443_Labs/Lab_6/DCD5X32.vhd Line: 11
    Info (12023): Found entity 1: DCD5X32 File: D:/Users/akmooreschultz/Desktop/EE443_Labs/Lab_6/DCD5X32.vhd Line: 5
Info (12021): Found 2 design units, including 1 entities, in source file /users/akmooreschultz/desktop/ee443_labs/lab_6/dcd3x8_en.vhd
    Info (12022): Found design unit 1: DCD3X8_EN-behavior File: D:/Users/akmooreschultz/Desktop/EE443_Labs/Lab_6/DCD3X8_EN.vhd Line: 12
    Info (12023): Found entity 1: DCD3X8_EN File: D:/Users/akmooreschultz/Desktop/EE443_Labs/Lab_6/DCD3X8_EN.vhd Line: 5
Info (12021): Found 2 design units, including 1 entities, in source file /users/akmooreschultz/desktop/ee443_labs/lab_6/dat_mem.vhd
    Info (12022): Found design unit 1: DAT_MEM-behavior File: D:/Users/akmooreschultz/Desktop/EE443_Labs/Lab_6/DAT_MEM.vhd Line: 13
    Info (12023): Found entity 1: DAT_MEM File: D:/Users/akmooreschultz/Desktop/EE443_Labs/Lab_6/DAT_MEM.vhd Line: 5
Info (12021): Found 2 design units, including 1 entities, in source file /users/akmooreschultz/desktop/ee443_labs/lab_6/add16.vhd
    Info (12022): Found design unit 1: ADD16-behavior File: D:/Users/akmooreschultz/Desktop/EE443_Labs/Lab_6/ADD16.vhd Line: 11
    Info (12023): Found entity 1: ADD16 File: D:/Users/akmooreschultz/Desktop/EE443_Labs/Lab_6/ADD16.vhd Line: 4
Info (12021): Found 2 design units, including 1 entities, in source file /users/akmooreschultz/desktop/ee443_labs/lab_7/mux2x3.vhd
    Info (12022): Found design unit 1: MUX2X3-behavior File: D:/Users/akmooreschultz/Desktop/EE443_Labs/Lab_7/MUX2X3.vhd Line: 12
    Info (12023): Found entity 1: MUX2X3 File: D:/Users/akmooreschultz/Desktop/EE443_Labs/Lab_7/MUX2X3.vhd Line: 5
Info (12021): Found 2 design units, including 1 entities, in source file /users/akmooreschultz/desktop/ee443_labs/lab_7/pcjmp.vhd
    Info (12022): Found design unit 1: PCJMP-behavior File: D:/Users/akmooreschultz/Desktop/EE443_Labs/Lab_7/PCJMP.vhd Line: 12
    Info (12023): Found entity 1: PCJMP File: D:/Users/akmooreschultz/Desktop/EE443_Labs/Lab_7/PCJMP.vhd Line: 5
Info (12021): Found 2 design units, including 1 entities, in source file /users/akmooreschultz/desktop/ee443_labs/lab 0/reg8.vhd
    Info (12022): Found design unit 1: REG8-clk File: D:/Users/akmooreschultz/Desktop/EE443_Labs/Lab 0/REG8.vhd Line: 12
    Info (12023): Found entity 1: REG8 File: D:/Users/akmooreschultz/Desktop/EE443_Labs/Lab 0/REG8.vhd Line: 4
Info (12021): Found 2 design units, including 1 entities, in source file /users/akmooreschultz/desktop/ee443_labs/lab 0/reg16.vhd
    Info (12022): Found design unit 1: REG16-logical_stuff File: D:/Users/akmooreschultz/Desktop/EE443_Labs/Lab 0/REG16.vhd Line: 13
    Info (12023): Found entity 1: REG16 File: D:/Users/akmooreschultz/Desktop/EE443_Labs/Lab 0/REG16.vhd Line: 4
Info (12021): Found 2 design units, including 1 entities, in source file pc.vhd
    Info (12022): Found design unit 1: PC-behavior File: D:/Users/akmooreschultz/Desktop/EE443_Labs/Lab_8/PC.vhd Line: 12
    Info (12023): Found entity 1: PC File: D:/Users/akmooreschultz/Desktop/EE443_Labs/Lab_8/PC.vhd Line: 4
Info (12021): Found 2 design units, including 1 entities, in source file control.vhd
    Info (12022): Found design unit 1: CONTROL-behavior File: D:/Users/akmooreschultz/Desktop/EE443_Labs/Lab_8/CONTROL.vhd Line: 21
    Info (12023): Found entity 1: CONTROL File: D:/Users/akmooreschultz/Desktop/EE443_Labs/Lab_8/CONTROL.vhd Line: 4
Info (12021): Found 1 design units, including 1 entities, in source file m16dp.bdf
    Info (12023): Found entity 1: m16dp
Info (12021): Found 1 design units, including 1 entities, in source file m16dp1.bdf
    Info (12023): Found entity 1: m16dp1
Info (12021): Found 1 design units, including 1 entities, in source file m16dp2.bdf
    Info (12023): Found entity 1: m16dp2
Info (12127): Elaborating entity "m16dp1" for the top level hierarchy
Warning (275013): Port "CLK" of type m16dp and instance "inst6" is missing source signal
Info (12128): Elaborating entity "PC" for hierarchy "PC:inst"
Info (12128): Elaborating entity "REG16" for hierarchy "PC:inst|REG16:reg" File: D:/Users/akmooreschultz/Desktop/EE443_Labs/Lab_8/PC.vhd Line: 29
Info (12128): Elaborating entity "REG8" for hierarchy "PC:inst|REG16:reg|REG8:reg_1" File: D:/Users/akmooreschultz/Desktop/EE443_Labs/Lab 0/REG16.vhd Line: 26
Info (12128): Elaborating entity "INS_MEM" for hierarchy "INS_MEM:inst1"
Warning (10492): VHDL Process Statement warning at INS_MEM.vhd(51): signal "addr_out" is read inside the Process Statement but isn't in the Process Statement's sensitivity list File: D:/Users/akmooreschultz/Desktop/EE443_Labs/Lab_6/INS_MEM.vhd Line: 51
Warning (10631): VHDL Process Statement warning at INS_MEM.vhd(48): inferring latch(es) for signal or variable "data_out", which holds its previous value in one or more paths through the process File: D:/Users/akmooreschultz/Desktop/EE443_Labs/Lab_6/INS_MEM.vhd Line: 48
Info (10041): Inferred latch for "data_out[0]" at INS_MEM.vhd(48) File: D:/Users/akmooreschultz/Desktop/EE443_Labs/Lab_6/INS_MEM.vhd Line: 48
Info (10041): Inferred latch for "data_out[1]" at INS_MEM.vhd(48) File: D:/Users/akmooreschultz/Desktop/EE443_Labs/Lab_6/INS_MEM.vhd Line: 48
Info (10041): Inferred latch for "data_out[2]" at INS_MEM.vhd(48) File: D:/Users/akmooreschultz/Desktop/EE443_Labs/Lab_6/INS_MEM.vhd Line: 48
Info (10041): Inferred latch for "data_out[3]" at INS_MEM.vhd(48) File: D:/Users/akmooreschultz/Desktop/EE443_Labs/Lab_6/INS_MEM.vhd Line: 48
Info (10041): Inferred latch for "data_out[4]" at INS_MEM.vhd(48) File: D:/Users/akmooreschultz/Desktop/EE443_Labs/Lab_6/INS_MEM.vhd Line: 48
Info (10041): Inferred latch for "data_out[5]" at INS_MEM.vhd(48) File: D:/Users/akmooreschultz/Desktop/EE443_Labs/Lab_6/INS_MEM.vhd Line: 48
Info (10041): Inferred latch for "data_out[6]" at INS_MEM.vhd(48) File: D:/Users/akmooreschultz/Desktop/EE443_Labs/Lab_6/INS_MEM.vhd Line: 48
Info (10041): Inferred latch for "data_out[7]" at INS_MEM.vhd(48) File: D:/Users/akmooreschultz/Desktop/EE443_Labs/Lab_6/INS_MEM.vhd Line: 48
Info (10041): Inferred latch for "data_out[8]" at INS_MEM.vhd(48) File: D:/Users/akmooreschultz/Desktop/EE443_Labs/Lab_6/INS_MEM.vhd Line: 48
Info (10041): Inferred latch for "data_out[9]" at INS_MEM.vhd(48) File: D:/Users/akmooreschultz/Desktop/EE443_Labs/Lab_6/INS_MEM.vhd Line: 48
Info (10041): Inferred latch for "data_out[10]" at INS_MEM.vhd(48) File: D:/Users/akmooreschultz/Desktop/EE443_Labs/Lab_6/INS_MEM.vhd Line: 48
Info (10041): Inferred latch for "data_out[11]" at INS_MEM.vhd(48) File: D:/Users/akmooreschultz/Desktop/EE443_Labs/Lab_6/INS_MEM.vhd Line: 48
Info (10041): Inferred latch for "data_out[12]" at INS_MEM.vhd(48) File: D:/Users/akmooreschultz/Desktop/EE443_Labs/Lab_6/INS_MEM.vhd Line: 48
Info (10041): Inferred latch for "data_out[13]" at INS_MEM.vhd(48) File: D:/Users/akmooreschultz/Desktop/EE443_Labs/Lab_6/INS_MEM.vhd Line: 48
Info (10041): Inferred latch for "data_out[14]" at INS_MEM.vhd(48) File: D:/Users/akmooreschultz/Desktop/EE443_Labs/Lab_6/INS_MEM.vhd Line: 48
Info (10041): Inferred latch for "data_out[15]" at INS_MEM.vhd(48) File: D:/Users/akmooreschultz/Desktop/EE443_Labs/Lab_6/INS_MEM.vhd Line: 48
Info (12128): Elaborating entity "DCD5X32" for hierarchy "INS_MEM:inst1|DCD5X32:dec" File: D:/Users/akmooreschultz/Desktop/EE443_Labs/Lab_6/INS_MEM.vhd Line: 32
Info (12128): Elaborating entity "DCD3X8_EN" for hierarchy "INS_MEM:inst1|DCD5X32:dec|DCD3X8_EN:dcd_0" File: D:/Users/akmooreschultz/Desktop/EE443_Labs/Lab_6/DCD5X32.vhd Line: 31
Info (12128): Elaborating entity "DCD3x8" for hierarchy "INS_MEM:inst1|DCD5X32:dec|DCD3X8_EN:dcd_0|DCD3x8:dcd" File: D:/Users/akmooreschultz/Desktop/EE443_Labs/Lab_6/DCD3X8_EN.vhd Line: 24
Info (12128): Elaborating entity "INCTWO" for hierarchy "INCTWO:inst2"
Warning (10036): Verilog HDL or VHDL warning at INCTWO.vhd(14): object "aluOutputs" assigned a value but never read File: D:/Users/akmooreschultz/Desktop/EE443_Labs/Lab_6/INCTWO.vhd Line: 14
Info (12128): Elaborating entity "ALU16" for hierarchy "INCTWO:inst2|ALU16:alu0" File: D:/Users/akmooreschultz/Desktop/EE443_Labs/Lab_6/INCTWO.vhd Line: 29
Info (12128): Elaborating entity "ALU4" for hierarchy "INCTWO:inst2|ALU16:alu0|ALU4:alu0" File: D:/Users/akmooreschultz/Desktop/EE443_Labs/Lab_5/ALU16.vhd Line: 33
Info (12128): Elaborating entity "PINV4" for hierarchy "INCTWO:inst2|ALU16:alu0|ALU4:alu0|PINV4:inverter" File: D:/Users/akmooreschultz/Desktop/EE443_Labs/Lab_5/ALU4.vhd Line: 61
Info (12128): Elaborating entity "ADD4" for hierarchy "INCTWO:inst2|ALU16:alu0|ALU4:alu0|ADD4:adder" File: D:/Users/akmooreschultz/Desktop/EE443_Labs/Lab_5/ALU4.vhd Line: 68
Info (12128): Elaborating entity "BWAND4" for hierarchy "INCTWO:inst2|ALU16:alu0|ALU4:alu0|BWAND4:ander" File: D:/Users/akmooreschultz/Desktop/EE443_Labs/Lab_5/ALU4.vhd Line: 78
Info (12128): Elaborating entity "BWOR4" for hierarchy "INCTWO:inst2|ALU16:alu0|ALU4:alu0|BWOR4:bitwor" File: D:/Users/akmooreschultz/Desktop/EE443_Labs/Lab_5/ALU4.vhd Line: 85
Info (12128): Elaborating entity "MUX4X4" for hierarchy "INCTWO:inst2|ALU16:alu0|ALU4:alu0|MUX4X4:mux" File: D:/Users/akmooreschultz/Desktop/EE443_Labs/Lab_5/ALU4.vhd Line: 94
Info (12128): Elaborating entity "ADD16" for hierarchy "ADD16:inst3"
Warning (10036): Verilog HDL or VHDL warning at ADD16.vhd(24): object "overflows" assigned a value but never read File: D:/Users/akmooreschultz/Desktop/EE443_Labs/Lab_6/ADD16.vhd Line: 24
Info (12128): Elaborating entity "SGNEXT6x16" for hierarchy "SGNEXT6x16:inst5"
Info (12128): Elaborating entity "PCJMP" for hierarchy "PCJMP:inst4"
Info (12128): Elaborating entity "m16dp" for hierarchy "m16dp:inst6"
Info (12128): Elaborating entity "CONTROL" for hierarchy "m16dp:inst6|CONTROL:inst"
Info (12128): Elaborating entity "DAT_MEM" for hierarchy "m16dp:inst6|DAT_MEM:inst1"
Warning (10631): VHDL Process Statement warning at DAT_MEM.vhd(68): inferring latch(es) for signal or variable "DOUT", which holds its previous value in one or more paths through the process File: D:/Users/akmooreschultz/Desktop/EE443_Labs/Lab_6/DAT_MEM.vhd Line: 68
Info (10041): Inferred latch for "DOUT[0]" at DAT_MEM.vhd(68) File: D:/Users/akmooreschultz/Desktop/EE443_Labs/Lab_6/DAT_MEM.vhd Line: 68
Info (10041): Inferred latch for "DOUT[1]" at DAT_MEM.vhd(68) File: D:/Users/akmooreschultz/Desktop/EE443_Labs/Lab_6/DAT_MEM.vhd Line: 68
Info (10041): Inferred latch for "DOUT[2]" at DAT_MEM.vhd(68) File: D:/Users/akmooreschultz/Desktop/EE443_Labs/Lab_6/DAT_MEM.vhd Line: 68
Info (10041): Inferred latch for "DOUT[3]" at DAT_MEM.vhd(68) File: D:/Users/akmooreschultz/Desktop/EE443_Labs/Lab_6/DAT_MEM.vhd Line: 68
Info (10041): Inferred latch for "DOUT[4]" at DAT_MEM.vhd(68) File: D:/Users/akmooreschultz/Desktop/EE443_Labs/Lab_6/DAT_MEM.vhd Line: 68
Info (10041): Inferred latch for "DOUT[5]" at DAT_MEM.vhd(68) File: D:/Users/akmooreschultz/Desktop/EE443_Labs/Lab_6/DAT_MEM.vhd Line: 68
Info (10041): Inferred latch for "DOUT[6]" at DAT_MEM.vhd(68) File: D:/Users/akmooreschultz/Desktop/EE443_Labs/Lab_6/DAT_MEM.vhd Line: 68
Info (10041): Inferred latch for "DOUT[7]" at DAT_MEM.vhd(68) File: D:/Users/akmooreschultz/Desktop/EE443_Labs/Lab_6/DAT_MEM.vhd Line: 68
Info (10041): Inferred latch for "DOUT[8]" at DAT_MEM.vhd(68) File: D:/Users/akmooreschultz/Desktop/EE443_Labs/Lab_6/DAT_MEM.vhd Line: 68
Info (10041): Inferred latch for "DOUT[9]" at DAT_MEM.vhd(68) File: D:/Users/akmooreschultz/Desktop/EE443_Labs/Lab_6/DAT_MEM.vhd Line: 68
Info (10041): Inferred latch for "DOUT[10]" at DAT_MEM.vhd(68) File: D:/Users/akmooreschultz/Desktop/EE443_Labs/Lab_6/DAT_MEM.vhd Line: 68
Info (10041): Inferred latch for "DOUT[11]" at DAT_MEM.vhd(68) File: D:/Users/akmooreschultz/Desktop/EE443_Labs/Lab_6/DAT_MEM.vhd Line: 68
Info (10041): Inferred latch for "DOUT[12]" at DAT_MEM.vhd(68) File: D:/Users/akmooreschultz/Desktop/EE443_Labs/Lab_6/DAT_MEM.vhd Line: 68
Info (10041): Inferred latch for "DOUT[13]" at DAT_MEM.vhd(68) File: D:/Users/akmooreschultz/Desktop/EE443_Labs/Lab_6/DAT_MEM.vhd Line: 68
Info (10041): Inferred latch for "DOUT[14]" at DAT_MEM.vhd(68) File: D:/Users/akmooreschultz/Desktop/EE443_Labs/Lab_6/DAT_MEM.vhd Line: 68
Info (10041): Inferred latch for "DOUT[15]" at DAT_MEM.vhd(68) File: D:/Users/akmooreschultz/Desktop/EE443_Labs/Lab_6/DAT_MEM.vhd Line: 68
Info (12128): Elaborating entity "MUX2X16" for hierarchy "MUX2X16:inst7"
Info (16010): Generating hard_block partition "hard_block:auto_generated_inst"
    Info (16011): Adding 0 node(s), including 0 DDIO, 0 PLL, 0 transceiver and 0 LCELL
Warning (21074): Design contains 19 input pin(s) that do not drive logic
    Warning (15610): No output dependent on input pin "CLK"
    Warning (15610): No output dependent on input pin "EN"
    Warning (15610): No output dependent on input pin "RST"
    Warning (15610): No output dependent on input pin "PCIN[15]"
    Warning (15610): No output dependent on input pin "PCIN[14]"
    Warning (15610): No output dependent on input pin "PCIN[13]"
    Warning (15610): No output dependent on input pin "PCIN[12]"
    Warning (15610): No output dependent on input pin "PCIN[11]"
    Warning (15610): No output dependent on input pin "PCIN[10]"
    Warning (15610): No output dependent on input pin "PCIN[9]"
    Warning (15610): No output dependent on input pin "PCIN[8]"
    Warning (15610): No output dependent on input pin "PCIN[7]"
    Warning (15610): No output dependent on input pin "PCIN[6]"
    Warning (15610): No output dependent on input pin "PCIN[5]"
    Warning (15610): No output dependent on input pin "PCIN[4]"
    Warning (15610): No output dependent on input pin "PCIN[3]"
    Warning (15610): No output dependent on input pin "PCIN[2]"
    Warning (15610): No output dependent on input pin "PCIN[1]"
    Warning (15610): No output dependent on input pin "PCIN[0]"
Info (21057): Implemented 19 device resources after synthesis - the final resource count might be different
    Info (21058): Implemented 19 input pins
    Info (21059): Implemented 0 output pins
Info: Quartus Prime Analysis & Synthesis was successful. 0 errors, 27 warnings
    Info: Peak virtual memory: 4810 megabytes
    Info: Processing ended: Fri Apr 24 16:42:33 2026
    Info: Elapsed time: 00:00:07
    Info: Total CPU time (on all processors): 00:00:12


