Analysis & Synthesis report for Lab6
Fri Apr 24 01:59:41 2026
Quartus Prime Version 23.1std.1 Build 993 05/14/2024 SC Lite Edition


---------------------
; Table of Contents ;
---------------------
  1. Legal Notice
  2. Analysis & Synthesis Summary
  3. Analysis & Synthesis Settings
  4. Parallel Compilation
  5. Analysis & Synthesis Source Files Read
  6. Analysis & Synthesis Resource Usage Summary
  7. Analysis & Synthesis Resource Utilization by Entity
  8. User-Specified and Inferred Latches
  9. General Register Statistics
 10. Multiplexer Restructuring Statistics (Restructuring Performed)
 11. Post-Synthesis Netlist Statistics for Top Partition
 12. Elapsed Time Per Partition
 13. Analysis & Synthesis Messages



----------------
; Legal Notice ;
----------------
Copyright (C) 2024  Intel Corporation. All rights reserved.
Your use of Intel Corporation's design tools, logic functions 
and other software and tools, and any partner logic 
functions, and any output files from any of the foregoing 
(including device programming or simulation files), and any 
associated documentation or information are expressly subject 
to the terms and conditions of the Intel Program License 
Subscription Agreement, the Intel Quartus Prime License Agreement,
the Intel FPGA IP License Agreement, or other applicable license
agreement, including, without limitation, that your use is for
the sole purpose of programming logic devices manufactured by
Intel and sold by Intel or its authorized distributors.  Please
refer to the applicable agreement for further details, at
https://fpgasoftware.intel.com/eula.



+-------------------------------------------------------------------------------------+
; Analysis & Synthesis Summary                                                        ;
+------------------------------------+------------------------------------------------+
; Analysis & Synthesis Status        ; Successful - Fri Apr 24 01:59:41 2026          ;
; Quartus Prime Version              ; 23.1std.1 Build 993 05/14/2024 SC Lite Edition ;
; Revision Name                      ; Lab6                                           ;
; Top-level Entity Name              ; DAT_MEM                                        ;
; Family                             ; Cyclone IV E                                   ;
; Total logic elements               ; 550                                            ;
;     Total combinational functions  ; 294                                            ;
;     Dedicated logic registers      ; 256                                            ;
; Total registers                    ; 256                                            ;
; Total pins                         ; 51                                             ;
; Total virtual pins                 ; 0                                              ;
; Total memory bits                  ; 0                                              ;
; Embedded Multiplier 9-bit elements ; 0                                              ;
; Total PLLs                         ; 0                                              ;
+------------------------------------+------------------------------------------------+


+------------------------------------------------------------------------------------------------------------+
; Analysis & Synthesis Settings                                                                              ;
+------------------------------------------------------------------+--------------------+--------------------+
; Option                                                           ; Setting            ; Default Value      ;
+------------------------------------------------------------------+--------------------+--------------------+
; Device                                                           ; EP4CE115F29C7      ;                    ;
; Top-level entity name                                            ; DAT_MEM            ; Lab6               ;
; Family name                                                      ; Cyclone IV E       ; Cyclone V          ;
; Use smart compilation                                            ; Off                ; Off                ;
; Enable parallel Assembler and Timing Analyzer during compilation ; On                 ; On                 ;
; Enable compact report table                                      ; Off                ; Off                ;
; Restructure Multiplexers                                         ; Auto               ; Auto               ;
; Create Debugging Nodes for IP Cores                              ; Off                ; Off                ;
; Preserve fewer node names                                        ; On                 ; On                 ;
; Intel FPGA IP Evaluation Mode                                    ; Enable             ; Enable             ;
; Verilog Version                                                  ; Verilog_2001       ; Verilog_2001       ;
; VHDL Version                                                     ; VHDL_1993          ; VHDL_1993          ;
; State Machine Processing                                         ; Auto               ; Auto               ;
; Safe State Machine                                               ; Off                ; Off                ;
; Extract Verilog State Machines                                   ; On                 ; On                 ;
; Extract VHDL State Machines                                      ; On                 ; On                 ;
; Ignore Verilog initial constructs                                ; Off                ; Off                ;
; Iteration limit for constant Verilog loops                       ; 5000               ; 5000               ;
; Iteration limit for non-constant Verilog loops                   ; 250                ; 250                ;
; Add Pass-Through Logic to Inferred RAMs                          ; On                 ; On                 ;
; Infer RAMs from Raw Logic                                        ; On                 ; On                 ;
; Parallel Synthesis                                               ; On                 ; On                 ;
; DSP Block Balancing                                              ; Auto               ; Auto               ;
; NOT Gate Push-Back                                               ; On                 ; On                 ;
; Power-Up Don't Care                                              ; On                 ; On                 ;
; Remove Redundant Logic Cells                                     ; Off                ; Off                ;
; Remove Duplicate Registers                                       ; On                 ; On                 ;
; Ignore CARRY Buffers                                             ; Off                ; Off                ;
; Ignore CASCADE Buffers                                           ; Off                ; Off                ;
; Ignore GLOBAL Buffers                                            ; Off                ; Off                ;
; Ignore ROW GLOBAL Buffers                                        ; Off                ; Off                ;
; Ignore LCELL Buffers                                             ; Off                ; Off                ;
; Ignore SOFT Buffers                                              ; On                 ; On                 ;
; Limit AHDL Integers to 32 Bits                                   ; Off                ; Off                ;
; Optimization Technique                                           ; Balanced           ; Balanced           ;
; Carry Chain Length                                               ; 70                 ; 70                 ;
; Auto Carry Chains                                                ; On                 ; On                 ;
; Auto Open-Drain Pins                                             ; On                 ; On                 ;
; Perform WYSIWYG Primitive Resynthesis                            ; Off                ; Off                ;
; Auto ROM Replacement                                             ; On                 ; On                 ;
; Auto RAM Replacement                                             ; On                 ; On                 ;
; Auto DSP Block Replacement                                       ; On                 ; On                 ;
; Auto Shift Register Replacement                                  ; Auto               ; Auto               ;
; Allow Shift Register Merging across Hierarchies                  ; Auto               ; Auto               ;
; Auto Clock Enable Replacement                                    ; On                 ; On                 ;
; Strict RAM Replacement                                           ; Off                ; Off                ;
; Allow Synchronous Control Signals                                ; On                 ; On                 ;
; Force Use of Synchronous Clear Signals                           ; Off                ; Off                ;
; Auto RAM Block Balancing                                         ; On                 ; On                 ;
; Auto RAM to Logic Cell Conversion                                ; Off                ; Off                ;
; Auto Resource Sharing                                            ; Off                ; Off                ;
; Allow Any RAM Size For Recognition                               ; Off                ; Off                ;
; Allow Any ROM Size For Recognition                               ; Off                ; Off                ;
; Allow Any Shift Register Size For Recognition                    ; Off                ; Off                ;
; Use LogicLock Constraints during Resource Balancing              ; On                 ; On                 ;
; Ignore translate_off and synthesis_off directives                ; Off                ; Off                ;
; Timing-Driven Synthesis                                          ; On                 ; On                 ;
; Report Parameter Settings                                        ; On                 ; On                 ;
; Report Source Assignments                                        ; On                 ; On                 ;
; Report Connectivity Checks                                       ; On                 ; On                 ;
; Ignore Maximum Fan-Out Assignments                               ; Off                ; Off                ;
; Synchronization Register Chain Length                            ; 2                  ; 2                  ;
; Power Optimization During Synthesis                              ; Normal compilation ; Normal compilation ;
; HDL message level                                                ; Level2             ; Level2             ;
; Suppress Register Optimization Related Messages                  ; Off                ; Off                ;
; Number of Removed Registers Reported in Synthesis Report         ; 5000               ; 5000               ;
; Number of Swept Nodes Reported in Synthesis Report               ; 5000               ; 5000               ;
; Number of Inverted Registers Reported in Synthesis Report        ; 100                ; 100                ;
; Clock MUX Protection                                             ; On                 ; On                 ;
; Auto Gated Clock Conversion                                      ; Off                ; Off                ;
; Block Design Naming                                              ; Auto               ; Auto               ;
; SDC constraint protection                                        ; Off                ; Off                ;
; Synthesis Effort                                                 ; Auto               ; Auto               ;
; Shift Register Replacement - Allow Asynchronous Clear Signal     ; On                 ; On                 ;
; Pre-Mapping Resynthesis Optimization                             ; Off                ; Off                ;
; Analysis & Synthesis Message Level                               ; Medium             ; Medium             ;
; Disable Register Merging Across Hierarchies                      ; Auto               ; Auto               ;
; Resource Aware Inference For Block RAM                           ; On                 ; On                 ;
+------------------------------------------------------------------+--------------------+--------------------+


+------------------------------------------+
; Parallel Compilation                     ;
+----------------------------+-------------+
; Processors                 ; Number      ;
+----------------------------+-------------+
; Number detected on machine ; 16          ;
; Maximum allowed            ; 16          ;
;                            ;             ;
; Average used               ; 1.00        ;
; Maximum used               ; 16          ;
;                            ;             ;
; Usage by Processor         ; % Time Used ;
;     Processor 1            ; 100.0%      ;
;     Processors 2-16        ;   0.0%      ;
+----------------------------+-------------+


+------------------------------------------------------------------------------------------------------------------------------------------------+
; Analysis & Synthesis Source Files Read                                                                                                         ;
+----------------------------------+-----------------+-----------------+---------------------------------------------------------------+---------+
; File Name with User-Entered Path ; Used in Netlist ; File Type       ; File Name with Absolute Path                                  ; Library ;
+----------------------------------+-----------------+-----------------+---------------------------------------------------------------+---------+
; ../Lab 0/REG8.vhd                ; yes             ; User VHDL File  ; /home/ashinashell/class-coding/EE443_Labs/Lab 0/REG8.vhd      ;         ;
; ../Lab_4/DCD3x8.vhd              ; yes             ; User VHDL File  ; /home/ashinashell/class-coding/EE443_Labs/Lab_4/DCD3x8.vhd    ;         ;
; DCD5X32.vhd                      ; yes             ; User VHDL File  ; /home/ashinashell/class-coding/EE443_Labs/Lab_6/DCD5X32.vhd   ;         ;
; DCD3X8_EN.vhd                    ; yes             ; User VHDL File  ; /home/ashinashell/class-coding/EE443_Labs/Lab_6/DCD3X8_EN.vhd ;         ;
; DAT_MEM.vhd                      ; yes             ; User VHDL File  ; /home/ashinashell/class-coding/EE443_Labs/Lab_6/DAT_MEM.vhd   ;         ;
+----------------------------------+-----------------+-----------------+---------------------------------------------------------------+---------+


+---------------------------------------------------------+
; Analysis & Synthesis Resource Usage Summary             ;
+---------------------------------------------+-----------+
; Resource                                    ; Usage     ;
+---------------------------------------------+-----------+
; Estimated Total logic elements              ; 550       ;
;                                             ;           ;
; Total combinational functions               ; 294       ;
; Logic element usage by number of LUT inputs ;           ;
;     -- 4 input functions                    ; 217       ;
;     -- 3 input functions                    ; 72        ;
;     -- <=2 input functions                  ; 5         ;
;                                             ;           ;
; Logic elements by mode                      ;           ;
;     -- normal mode                          ; 294       ;
;     -- arithmetic mode                      ; 0         ;
;                                             ;           ;
; Total registers                             ; 256       ;
;     -- Dedicated logic registers            ; 256       ;
;     -- I/O registers                        ; 0         ;
;                                             ;           ;
; I/O pins                                    ; 51        ;
;                                             ;           ;
; Embedded Multiplier 9-bit elements          ; 0         ;
;                                             ;           ;
; Maximum fan-out node                        ; CLK~input ;
; Maximum fan-out                             ; 256       ;
; Total fan-out                               ; 1945      ;
; Average fan-out                             ; 2.98      ;
+---------------------------------------------+-----------+


+--------------------------------------------------------------------------------------------------------------------------------------------------------------------------------------------------------------------------------------+
; Analysis & Synthesis Resource Utilization by Entity                                                                                                                                                                                  ;
+----------------------------+---------------------+---------------------------+-------------+--------------+---------+-----------+------+--------------+-------------------------------------------------+-------------+--------------+
; Compilation Hierarchy Node ; Combinational ALUTs ; Dedicated Logic Registers ; Memory Bits ; DSP Elements ; DSP 9x9 ; DSP 18x18 ; Pins ; Virtual Pins ; Full Hierarchy Name                             ; Entity Name ; Library Name ;
+----------------------------+---------------------+---------------------------+-------------+--------------+---------+-----------+------+--------------+-------------------------------------------------+-------------+--------------+
; |DAT_MEM                   ; 294 (293)           ; 256 (0)                   ; 0           ; 0            ; 0       ; 0         ; 51   ; 0            ; |DAT_MEM                                        ; DAT_MEM     ; work         ;
;    |DCD5X32:dcd|           ; 1 (0)               ; 0 (0)                     ; 0           ; 0            ; 0       ; 0         ; 0    ; 0            ; |DAT_MEM|DCD5X32:dcd                            ; DCD5X32     ; work         ;
;       |DCD3X8_EN:dcd_3|    ; 1 (0)               ; 0 (0)                     ; 0           ; 0            ; 0       ; 0         ; 0    ; 0            ; |DAT_MEM|DCD5X32:dcd|DCD3X8_EN:dcd_3            ; DCD3X8_EN   ; work         ;
;          |DCD3x8:dcd|      ; 1 (1)               ; 0 (0)                     ; 0           ; 0            ; 0       ; 0         ; 0    ; 0            ; |DAT_MEM|DCD5X32:dcd|DCD3X8_EN:dcd_3|DCD3x8:dcd ; DCD3x8      ; work         ;
;    |REG8:\reg_gen:0:regs|  ; 0 (0)               ; 8 (8)                     ; 0           ; 0            ; 0       ; 0         ; 0    ; 0            ; |DAT_MEM|REG8:\reg_gen:0:regs                   ; REG8        ; work         ;
;    |REG8:\reg_gen:10:regs| ; 0 (0)               ; 8 (8)                     ; 0           ; 0            ; 0       ; 0         ; 0    ; 0            ; |DAT_MEM|REG8:\reg_gen:10:regs                  ; REG8        ; work         ;
;    |REG8:\reg_gen:11:regs| ; 0 (0)               ; 8 (8)                     ; 0           ; 0            ; 0       ; 0         ; 0    ; 0            ; |DAT_MEM|REG8:\reg_gen:11:regs                  ; REG8        ; work         ;
;    |REG8:\reg_gen:12:regs| ; 0 (0)               ; 8 (8)                     ; 0           ; 0            ; 0       ; 0         ; 0    ; 0            ; |DAT_MEM|REG8:\reg_gen:12:regs                  ; REG8        ; work         ;
;    |REG8:\reg_gen:13:regs| ; 0 (0)               ; 8 (8)                     ; 0           ; 0            ; 0       ; 0         ; 0    ; 0            ; |DAT_MEM|REG8:\reg_gen:13:regs                  ; REG8        ; work         ;
;    |REG8:\reg_gen:14:regs| ; 0 (0)               ; 8 (8)                     ; 0           ; 0            ; 0       ; 0         ; 0    ; 0            ; |DAT_MEM|REG8:\reg_gen:14:regs                  ; REG8        ; work         ;
;    |REG8:\reg_gen:15:regs| ; 0 (0)               ; 8 (8)                     ; 0           ; 0            ; 0       ; 0         ; 0    ; 0            ; |DAT_MEM|REG8:\reg_gen:15:regs                  ; REG8        ; work         ;
;    |REG8:\reg_gen:16:regs| ; 0 (0)               ; 8 (8)                     ; 0           ; 0            ; 0       ; 0         ; 0    ; 0            ; |DAT_MEM|REG8:\reg_gen:16:regs                  ; REG8        ; work         ;
;    |REG8:\reg_gen:17:regs| ; 0 (0)               ; 8 (8)                     ; 0           ; 0            ; 0       ; 0         ; 0    ; 0            ; |DAT_MEM|REG8:\reg_gen:17:regs                  ; REG8        ; work         ;
;    |REG8:\reg_gen:18:regs| ; 0 (0)               ; 8 (8)                     ; 0           ; 0            ; 0       ; 0         ; 0    ; 0            ; |DAT_MEM|REG8:\reg_gen:18:regs                  ; REG8        ; work         ;
;    |REG8:\reg_gen:19:regs| ; 0 (0)               ; 8 (8)                     ; 0           ; 0            ; 0       ; 0         ; 0    ; 0            ; |DAT_MEM|REG8:\reg_gen:19:regs                  ; REG8        ; work         ;
;    |REG8:\reg_gen:1:regs|  ; 0 (0)               ; 8 (8)                     ; 0           ; 0            ; 0       ; 0         ; 0    ; 0            ; |DAT_MEM|REG8:\reg_gen:1:regs                   ; REG8        ; work         ;
;    |REG8:\reg_gen:20:regs| ; 0 (0)               ; 8 (8)                     ; 0           ; 0            ; 0       ; 0         ; 0    ; 0            ; |DAT_MEM|REG8:\reg_gen:20:regs                  ; REG8        ; work         ;
;    |REG8:\reg_gen:21:regs| ; 0 (0)               ; 8 (8)                     ; 0           ; 0            ; 0       ; 0         ; 0    ; 0            ; |DAT_MEM|REG8:\reg_gen:21:regs                  ; REG8        ; work         ;
;    |REG8:\reg_gen:22:regs| ; 0 (0)               ; 8 (8)                     ; 0           ; 0            ; 0       ; 0         ; 0    ; 0            ; |DAT_MEM|REG8:\reg_gen:22:regs                  ; REG8        ; work         ;
;    |REG8:\reg_gen:23:regs| ; 0 (0)               ; 8 (8)                     ; 0           ; 0            ; 0       ; 0         ; 0    ; 0            ; |DAT_MEM|REG8:\reg_gen:23:regs                  ; REG8        ; work         ;
;    |REG8:\reg_gen:24:regs| ; 0 (0)               ; 8 (8)                     ; 0           ; 0            ; 0       ; 0         ; 0    ; 0            ; |DAT_MEM|REG8:\reg_gen:24:regs                  ; REG8        ; work         ;
;    |REG8:\reg_gen:25:regs| ; 0 (0)               ; 8 (8)                     ; 0           ; 0            ; 0       ; 0         ; 0    ; 0            ; |DAT_MEM|REG8:\reg_gen:25:regs                  ; REG8        ; work         ;
;    |REG8:\reg_gen:26:regs| ; 0 (0)               ; 8 (8)                     ; 0           ; 0            ; 0       ; 0         ; 0    ; 0            ; |DAT_MEM|REG8:\reg_gen:26:regs                  ; REG8        ; work         ;
;    |REG8:\reg_gen:27:regs| ; 0 (0)               ; 8 (8)                     ; 0           ; 0            ; 0       ; 0         ; 0    ; 0            ; |DAT_MEM|REG8:\reg_gen:27:regs                  ; REG8        ; work         ;
;    |REG8:\reg_gen:28:regs| ; 0 (0)               ; 8 (8)                     ; 0           ; 0            ; 0       ; 0         ; 0    ; 0            ; |DAT_MEM|REG8:\reg_gen:28:regs                  ; REG8        ; work         ;
;    |REG8:\reg_gen:29:regs| ; 0 (0)               ; 8 (8)                     ; 0           ; 0            ; 0       ; 0         ; 0    ; 0            ; |DAT_MEM|REG8:\reg_gen:29:regs                  ; REG8        ; work         ;
;    |REG8:\reg_gen:2:regs|  ; 0 (0)               ; 8 (8)                     ; 0           ; 0            ; 0       ; 0         ; 0    ; 0            ; |DAT_MEM|REG8:\reg_gen:2:regs                   ; REG8        ; work         ;
;    |REG8:\reg_gen:30:regs| ; 0 (0)               ; 8 (8)                     ; 0           ; 0            ; 0       ; 0         ; 0    ; 0            ; |DAT_MEM|REG8:\reg_gen:30:regs                  ; REG8        ; work         ;
;    |REG8:\reg_gen:31:regs| ; 0 (0)               ; 8 (8)                     ; 0           ; 0            ; 0       ; 0         ; 0    ; 0            ; |DAT_MEM|REG8:\reg_gen:31:regs                  ; REG8        ; work         ;
;    |REG8:\reg_gen:3:regs|  ; 0 (0)               ; 8 (8)                     ; 0           ; 0            ; 0       ; 0         ; 0    ; 0            ; |DAT_MEM|REG8:\reg_gen:3:regs                   ; REG8        ; work         ;
;    |REG8:\reg_gen:4:regs|  ; 0 (0)               ; 8 (8)                     ; 0           ; 0            ; 0       ; 0         ; 0    ; 0            ; |DAT_MEM|REG8:\reg_gen:4:regs                   ; REG8        ; work         ;
;    |REG8:\reg_gen:5:regs|  ; 0 (0)               ; 8 (8)                     ; 0           ; 0            ; 0       ; 0         ; 0    ; 0            ; |DAT_MEM|REG8:\reg_gen:5:regs                   ; REG8        ; work         ;
;    |REG8:\reg_gen:6:regs|  ; 0 (0)               ; 8 (8)                     ; 0           ; 0            ; 0       ; 0         ; 0    ; 0            ; |DAT_MEM|REG8:\reg_gen:6:regs                   ; REG8        ; work         ;
;    |REG8:\reg_gen:7:regs|  ; 0 (0)               ; 8 (8)                     ; 0           ; 0            ; 0       ; 0         ; 0    ; 0            ; |DAT_MEM|REG8:\reg_gen:7:regs                   ; REG8        ; work         ;
;    |REG8:\reg_gen:8:regs|  ; 0 (0)               ; 8 (8)                     ; 0           ; 0            ; 0       ; 0         ; 0    ; 0            ; |DAT_MEM|REG8:\reg_gen:8:regs                   ; REG8        ; work         ;
;    |REG8:\reg_gen:9:regs|  ; 0 (0)               ; 8 (8)                     ; 0           ; 0            ; 0       ; 0         ; 0    ; 0            ; |DAT_MEM|REG8:\reg_gen:9:regs                   ; REG8        ; work         ;
+----------------------------+---------------------+---------------------------+-------------+--------------+---------+-----------+------+--------------+-------------------------------------------------+-------------+--------------+
Note: For table entries with two numbers listed, the numbers in parentheses indicate the number of resources of the given type used by the specific entity alone. The numbers listed outside of parentheses indicate the total resources of the given type used by the specific entity and all of its sub-entities in the hierarchy.


+----------------------------------------------------------------------------------------------------+
; User-Specified and Inferred Latches                                                                ;
+-----------------------------------------------------+---------------------+------------------------+
; Latch Name                                          ; Latch Enable Signal ; Free of Timing Hazards ;
+-----------------------------------------------------+---------------------+------------------------+
; DOUT[0]$latch                                       ; DOUT[15]            ; yes                    ;
; DOUT[0]_1561                                        ; DOUT[15]            ; yes                    ;
; DOUT[1]$latch                                       ; DOUT[15]            ; yes                    ;
; DOUT[2]$latch                                       ; DOUT[15]            ; yes                    ;
; DOUT[3]$latch                                       ; DOUT[15]            ; yes                    ;
; DOUT[4]$latch                                       ; DOUT[15]            ; yes                    ;
; DOUT[5]$latch                                       ; DOUT[15]            ; yes                    ;
; DOUT[6]$latch                                       ; DOUT[15]            ; yes                    ;
; DOUT[7]$latch                                       ; DOUT[15]            ; yes                    ;
; DOUT[8]$latch                                       ; DOUT[15]            ; yes                    ;
; DOUT[9]$latch                                       ; DOUT[15]            ; yes                    ;
; DOUT[10]$latch                                      ; DOUT[15]            ; yes                    ;
; DOUT[11]$latch                                      ; DOUT[15]            ; yes                    ;
; DOUT[12]$latch                                      ; DOUT[15]            ; yes                    ;
; DOUT[13]$latch                                      ; DOUT[15]            ; yes                    ;
; DOUT[14]$latch                                      ; DOUT[15]            ; yes                    ;
; DOUT[15]$latch                                      ; DOUT[15]            ; yes                    ;
; Number of user-specified and inferred latches = 17  ;                     ;                        ;
+-----------------------------------------------------+---------------------+------------------------+
Note: All latches listed above may not be present at the end of synthesis due to various synthesis optimizations.


+------------------------------------------------------+
; General Register Statistics                          ;
+----------------------------------------------+-------+
; Statistic                                    ; Value ;
+----------------------------------------------+-------+
; Total registers                              ; 256   ;
; Number of registers using Synchronous Clear  ; 0     ;
; Number of registers using Synchronous Load   ; 0     ;
; Number of registers using Asynchronous Clear ; 0     ;
; Number of registers using Asynchronous Load  ; 0     ;
; Number of registers using Clock Enable       ; 256   ;
; Number of registers using Preset             ; 0     ;
+----------------------------------------------+-------+


+------------------------------------------------------------------------------------------------------------------------------------------+
; Multiplexer Restructuring Statistics (Restructuring Performed)                                                                           ;
+--------------------+-----------+---------------+----------------------+------------------------+------------+----------------------------+
; Multiplexer Inputs ; Bus Width ; Baseline Area ; Area if Restructured ; Saving if Restructured ; Registered ; Example Multiplexer Output ;
+--------------------+-----------+---------------+----------------------+------------------------+------------+----------------------------+
; 4:1                ; 16 bits   ; 32 LEs        ; 32 LEs               ; 0 LEs                  ; No         ; |DAT_MEM|DOUT[2]           ;
; 8:1                ; 16 bits   ; 80 LEs        ; 80 LEs               ; 0 LEs                  ; No         ; |DAT_MEM|DOUT[0]           ;
; 10:1               ; 8 bits    ; 48 LEs        ; 48 LEs               ; 0 LEs                  ; No         ; |DAT_MEM|DOUT[8]           ;
; 10:1               ; 8 bits    ; 48 LEs        ; 48 LEs               ; 0 LEs                  ; No         ; |DAT_MEM|DOUT[0]           ;
+--------------------+-----------+---------------+----------------------+------------------------+------------+----------------------------+


+-----------------------------------------------------+
; Post-Synthesis Netlist Statistics for Top Partition ;
+-----------------------+-----------------------------+
; Type                  ; Count                       ;
+-----------------------+-----------------------------+
; boundary_port         ; 51                          ;
; cycloneiii_ff         ; 256                         ;
;     ENA               ; 256                         ;
; cycloneiii_io_obuf    ; 16                          ;
; cycloneiii_lcell_comb ; 294                         ;
;     normal            ; 294                         ;
;         2 data inputs ; 5                           ;
;         3 data inputs ; 72                          ;
;         4 data inputs ; 217                         ;
;                       ;                             ;
; Max LUT depth         ; 8.00                        ;
; Average LUT depth     ; 5.73                        ;
+-----------------------+-----------------------------+


+-------------------------------+
; Elapsed Time Per Partition    ;
+----------------+--------------+
; Partition Name ; Elapsed Time ;
+----------------+--------------+
; Top            ; 00:00:00     ;
+----------------+--------------+


+-------------------------------+
; Analysis & Synthesis Messages ;
+-------------------------------+
Info: *******************************************************************
Info: Running Quartus Prime Analysis & Synthesis
    Info: Version 23.1std.1 Build 993 05/14/2024 SC Lite Edition
    Info: Processing started: Fri Apr 24 01:59:35 2026
Info: Command: quartus_map --read_settings_files=on --write_settings_files=off Lab6 -c Lab6
Warning (18236): Number of processors has not been specified which may cause overloading on shared machines.  Set the global assignment NUM_PARALLEL_PROCESSORS in your QSF to an appropriate value for best performance.
Info (20030): Parallel compilation is enabled and will use 16 of the 16 processors detected
Info (12021): Found 2 design units, including 1 entities, in source file /home/ashinashell/class-coding/EE443_Labs/Lab 0/REG8.vhd
    Info (12022): Found design unit 1: REG8-clk File: /home/ashinashell/class-coding/EE443_Labs/Lab 0/REG8.vhd Line: 12
    Info (12023): Found entity 1: REG8 File: /home/ashinashell/class-coding/EE443_Labs/Lab 0/REG8.vhd Line: 4
Info (12021): Found 2 design units, including 1 entities, in source file /home/ashinashell/class-coding/EE443_Labs/Lab_4/DCD3x8.vhd
    Info (12022): Found design unit 1: DCD3x8-behavior File: /home/ashinashell/class-coding/EE443_Labs/Lab_4/DCD3x8.vhd Line: 11
    Info (12023): Found entity 1: DCD3x8 File: /home/ashinashell/class-coding/EE443_Labs/Lab_4/DCD3x8.vhd Line: 5
Info (12021): Found 2 design units, including 1 entities, in source file /home/ashinashell/class-coding/EE443_Labs/Lab_5/PINV4.vhd
    Info (12022): Found design unit 1: PINV4-behavior File: /home/ashinashell/class-coding/EE443_Labs/Lab_5/PINV4.vhd Line: 12
    Info (12023): Found entity 1: PINV4 File: /home/ashinashell/class-coding/EE443_Labs/Lab_5/PINV4.vhd Line: 4
Info (12021): Found 2 design units, including 1 entities, in source file /home/ashinashell/class-coding/EE443_Labs/Lab_5/ALU4.vhd
    Info (12022): Found design unit 1: ALU4-behavior File: /home/ashinashell/class-coding/EE443_Labs/Lab_5/ALU4.vhd Line: 14
    Info (12023): Found entity 1: ALU4 File: /home/ashinashell/class-coding/EE443_Labs/Lab_5/ALU4.vhd Line: 5
Info (12021): Found 2 design units, including 1 entities, in source file /home/ashinashell/class-coding/EE443_Labs/Lab_5/BWAND4.vhd
    Info (12022): Found design unit 1: BWAND4-behavior File: /home/ashinashell/class-coding/EE443_Labs/Lab_5/BWAND4.vhd Line: 11
    Info (12023): Found entity 1: BWAND4 File: /home/ashinashell/class-coding/EE443_Labs/Lab_5/BWAND4.vhd Line: 4
Info (12021): Found 2 design units, including 1 entities, in source file /home/ashinashell/class-coding/EE443_Labs/Lab_5/BWOR4.vhd
    Info (12022): Found design unit 1: BWOR4-behavior File: /home/ashinashell/class-coding/EE443_Labs/Lab_5/BWOR4.vhd Line: 11
    Info (12023): Found entity 1: BWOR4 File: /home/ashinashell/class-coding/EE443_Labs/Lab_5/BWOR4.vhd Line: 4
Info (12021): Found 2 design units, including 1 entities, in source file /home/ashinashell/class-coding/EE443_Labs/Lab_5/MUX4X4.vhd
    Info (12022): Found design unit 1: MUX4X4-behavior File: /home/ashinashell/class-coding/EE443_Labs/Lab_5/MUX4X4.vhd Line: 12
    Info (12023): Found entity 1: MUX4X4 File: /home/ashinashell/class-coding/EE443_Labs/Lab_5/MUX4X4.vhd Line: 5
Info (12021): Found 2 design units, including 1 entities, in source file /home/ashinashell/class-coding/EE443_Labs/Lab_5/ALU16.vhd
    Info (12022): Found design unit 1: ALU16-behavior File: /home/ashinashell/class-coding/EE443_Labs/Lab_5/ALU16.vhd Line: 13
    Info (12023): Found entity 1: ALU16 File: /home/ashinashell/class-coding/EE443_Labs/Lab_5/ALU16.vhd Line: 5
Info (12021): Found 2 design units, including 1 entities, in source file /home/ashinashell/class-coding/EE443_Labs/Lab_5/ADD4.vhd
    Info (12022): Found design unit 1: ADD4-behavior File: /home/ashinashell/class-coding/EE443_Labs/Lab_5/ADD4.vhd Line: 14
    Info (12023): Found entity 1: ADD4 File: /home/ashinashell/class-coding/EE443_Labs/Lab_5/ADD4.vhd Line: 4
Info (12021): Found 2 design units, including 1 entities, in source file INCTWO.vhd
    Info (12022): Found design unit 1: INCTWO-behavior File: /home/ashinashell/class-coding/EE443_Labs/Lab_6/INCTWO.vhd Line: 11
    Info (12023): Found entity 1: INCTWO File: /home/ashinashell/class-coding/EE443_Labs/Lab_6/INCTWO.vhd Line: 5
Info (12021): Found 2 design units, including 1 entities, in source file INS_MEM.vhd
    Info (12022): Found design unit 1: INS_MEM-behavior File: /home/ashinashell/class-coding/EE443_Labs/Lab_6/INS_MEM.vhd Line: 11
    Info (12023): Found entity 1: INS_MEM File: /home/ashinashell/class-coding/EE443_Labs/Lab_6/INS_MEM.vhd Line: 5
Info (12021): Found 2 design units, including 1 entities, in source file DCD5X32.vhd
    Info (12022): Found design unit 1: DCD5X32-behavior File: /home/ashinashell/class-coding/EE443_Labs/Lab_6/DCD5X32.vhd Line: 11
    Info (12023): Found entity 1: DCD5X32 File: /home/ashinashell/class-coding/EE443_Labs/Lab_6/DCD5X32.vhd Line: 5
Info (12021): Found 2 design units, including 1 entities, in source file DCD3X8_EN.vhd
    Info (12022): Found design unit 1: DCD3X8_EN-behavior File: /home/ashinashell/class-coding/EE443_Labs/Lab_6/DCD3X8_EN.vhd Line: 12
    Info (12023): Found entity 1: DCD3X8_EN File: /home/ashinashell/class-coding/EE443_Labs/Lab_6/DCD3X8_EN.vhd Line: 5
Info (12021): Found 2 design units, including 1 entities, in source file SGNEXT6x16.vhd
    Info (12022): Found design unit 1: SGNEXT6x16-behavior File: /home/ashinashell/class-coding/EE443_Labs/Lab_6/SGNEXT6x16.vhd Line: 11
    Info (12023): Found entity 1: SGNEXT6x16 File: /home/ashinashell/class-coding/EE443_Labs/Lab_6/SGNEXT6x16.vhd Line: 5
Info (12021): Found 2 design units, including 1 entities, in source file DAT_MEM.vhd
    Info (12022): Found design unit 1: DAT_MEM-behavior File: /home/ashinashell/class-coding/EE443_Labs/Lab_6/DAT_MEM.vhd Line: 13
    Info (12023): Found entity 1: DAT_MEM File: /home/ashinashell/class-coding/EE443_Labs/Lab_6/DAT_MEM.vhd Line: 5
Info (12021): Found 2 design units, including 1 entities, in source file SHLONE.vhd
    Info (12022): Found design unit 1: SHLONE-behavior File: /home/ashinashell/class-coding/EE443_Labs/Lab_6/SHLONE.vhd Line: 11
    Info (12023): Found entity 1: SHLONE File: /home/ashinashell/class-coding/EE443_Labs/Lab_6/SHLONE.vhd Line: 5
Info (12021): Found 2 design units, including 1 entities, in source file ADD16.vhd
    Info (12022): Found design unit 1: ADD16-behavior File: /home/ashinashell/class-coding/EE443_Labs/Lab_6/ADD16.vhd Line: 11
    Info (12023): Found entity 1: ADD16 File: /home/ashinashell/class-coding/EE443_Labs/Lab_6/ADD16.vhd Line: 4
Info (12021): Found 2 design units, including 1 entities, in source file MUX2X16.vhd
    Info (12022): Found design unit 1: MUX2X16-behavior File: /home/ashinashell/class-coding/EE443_Labs/Lab_6/MUX2X16.vhd Line: 13
    Info (12023): Found entity 1: MUX2X16 File: /home/ashinashell/class-coding/EE443_Labs/Lab_6/MUX2X16.vhd Line: 5
Info (12127): Elaborating entity "DAT_MEM" for the top level hierarchy
Warning (10631): VHDL Process Statement warning at DAT_MEM.vhd(68): inferring latch(es) for signal or variable "DOUT", which holds its previous value in one or more paths through the process File: /home/ashinashell/class-coding/EE443_Labs/Lab_6/DAT_MEM.vhd Line: 68
Info (10041): Inferred latch for "DOUT[0]" at DAT_MEM.vhd(68) File: /home/ashinashell/class-coding/EE443_Labs/Lab_6/DAT_MEM.vhd Line: 68
Info (10041): Inferred latch for "DOUT[1]" at DAT_MEM.vhd(68) File: /home/ashinashell/class-coding/EE443_Labs/Lab_6/DAT_MEM.vhd Line: 68
Info (10041): Inferred latch for "DOUT[2]" at DAT_MEM.vhd(68) File: /home/ashinashell/class-coding/EE443_Labs/Lab_6/DAT_MEM.vhd Line: 68
Info (10041): Inferred latch for "DOUT[3]" at DAT_MEM.vhd(68) File: /home/ashinashell/class-coding/EE443_Labs/Lab_6/DAT_MEM.vhd Line: 68
Info (10041): Inferred latch for "DOUT[4]" at DAT_MEM.vhd(68) File: /home/ashinashell/class-coding/EE443_Labs/Lab_6/DAT_MEM.vhd Line: 68
Info (10041): Inferred latch for "DOUT[5]" at DAT_MEM.vhd(68) File: /home/ashinashell/class-coding/EE443_Labs/Lab_6/DAT_MEM.vhd Line: 68
Info (10041): Inferred latch for "DOUT[6]" at DAT_MEM.vhd(68) File: /home/ashinashell/class-coding/EE443_Labs/Lab_6/DAT_MEM.vhd Line: 68
Info (10041): Inferred latch for "DOUT[7]" at DAT_MEM.vhd(68) File: /home/ashinashell/class-coding/EE443_Labs/Lab_6/DAT_MEM.vhd Line: 68
Info (10041): Inferred latch for "DOUT[8]" at DAT_MEM.vhd(68) File: /home/ashinashell/class-coding/EE443_Labs/Lab_6/DAT_MEM.vhd Line: 68
Info (10041): Inferred latch for "DOUT[9]" at DAT_MEM.vhd(68) File: /home/ashinashell/class-coding/EE443_Labs/Lab_6/DAT_MEM.vhd Line: 68
Info (10041): Inferred latch for "DOUT[10]" at DAT_MEM.vhd(68) File: /home/ashinashell/class-coding/EE443_Labs/Lab_6/DAT_MEM.vhd Line: 68
Info (10041): Inferred latch for "DOUT[11]" at DAT_MEM.vhd(68) File: /home/ashinashell/class-coding/EE443_Labs/Lab_6/DAT_MEM.vhd Line: 68
Info (10041): Inferred latch for "DOUT[12]" at DAT_MEM.vhd(68) File: /home/ashinashell/class-coding/EE443_Labs/Lab_6/DAT_MEM.vhd Line: 68
Info (10041): Inferred latch for "DOUT[13]" at DAT_MEM.vhd(68) File: /home/ashinashell/class-coding/EE443_Labs/Lab_6/DAT_MEM.vhd Line: 68
Info (10041): Inferred latch for "DOUT[14]" at DAT_MEM.vhd(68) File: /home/ashinashell/class-coding/EE443_Labs/Lab_6/DAT_MEM.vhd Line: 68
Info (10041): Inferred latch for "DOUT[15]" at DAT_MEM.vhd(68) File: /home/ashinashell/class-coding/EE443_Labs/Lab_6/DAT_MEM.vhd Line: 68
Info (12128): Elaborating entity "DCD5X32" for hierarchy "DCD5X32:dcd" File: /home/ashinashell/class-coding/EE443_Labs/Lab_6/DAT_MEM.vhd Line: 41
Info (12128): Elaborating entity "DCD3X8_EN" for hierarchy "DCD5X32:dcd|DCD3X8_EN:dcd_0" File: /home/ashinashell/class-coding/EE443_Labs/Lab_6/DCD5X32.vhd Line: 31
Info (12128): Elaborating entity "DCD3x8" for hierarchy "DCD5X32:dcd|DCD3X8_EN:dcd_0|DCD3x8:dcd" File: /home/ashinashell/class-coding/EE443_Labs/Lab_6/DCD3X8_EN.vhd Line: 24
Info (12128): Elaborating entity "REG8" for hierarchy "REG8:\reg_gen:31:regs" File: /home/ashinashell/class-coding/EE443_Labs/Lab_6/DAT_MEM.vhd Line: 59
Warning (13012): Latch DOUT[0]$latch has unsafe behavior File: /home/ashinashell/class-coding/EE443_Labs/Lab_6/DAT_MEM.vhd Line: 68
    Warning (13013): Ports D and ENA on the latch are fed by the same signal ADDR[1] File: /home/ashinashell/class-coding/EE443_Labs/Lab_6/DAT_MEM.vhd Line: 7
Warning (13012): Latch DOUT[1]$latch has unsafe behavior File: /home/ashinashell/class-coding/EE443_Labs/Lab_6/DAT_MEM.vhd Line: 68
    Warning (13013): Ports D and ENA on the latch are fed by the same signal ADDR[1] File: /home/ashinashell/class-coding/EE443_Labs/Lab_6/DAT_MEM.vhd Line: 7
Warning (13012): Latch DOUT[2]$latch has unsafe behavior File: /home/ashinashell/class-coding/EE443_Labs/Lab_6/DAT_MEM.vhd Line: 68
    Warning (13013): Ports D and ENA on the latch are fed by the same signal ADDR[1] File: /home/ashinashell/class-coding/EE443_Labs/Lab_6/DAT_MEM.vhd Line: 7
Warning (13012): Latch DOUT[3]$latch has unsafe behavior File: /home/ashinashell/class-coding/EE443_Labs/Lab_6/DAT_MEM.vhd Line: 68
    Warning (13013): Ports D and ENA on the latch are fed by the same signal ADDR[1] File: /home/ashinashell/class-coding/EE443_Labs/Lab_6/DAT_MEM.vhd Line: 7
Warning (13012): Latch DOUT[4]$latch has unsafe behavior File: /home/ashinashell/class-coding/EE443_Labs/Lab_6/DAT_MEM.vhd Line: 68
    Warning (13013): Ports D and ENA on the latch are fed by the same signal ADDR[1] File: /home/ashinashell/class-coding/EE443_Labs/Lab_6/DAT_MEM.vhd Line: 7
Warning (13012): Latch DOUT[5]$latch has unsafe behavior File: /home/ashinashell/class-coding/EE443_Labs/Lab_6/DAT_MEM.vhd Line: 68
    Warning (13013): Ports D and ENA on the latch are fed by the same signal ADDR[0] File: /home/ashinashell/class-coding/EE443_Labs/Lab_6/DAT_MEM.vhd Line: 7
Warning (13012): Latch DOUT[6]$latch has unsafe behavior File: /home/ashinashell/class-coding/EE443_Labs/Lab_6/DAT_MEM.vhd Line: 68
    Warning (13013): Ports D and ENA on the latch are fed by the same signal ADDR[1] File: /home/ashinashell/class-coding/EE443_Labs/Lab_6/DAT_MEM.vhd Line: 7
Warning (13012): Latch DOUT[7]$latch has unsafe behavior File: /home/ashinashell/class-coding/EE443_Labs/Lab_6/DAT_MEM.vhd Line: 68
    Warning (13013): Ports D and ENA on the latch are fed by the same signal ADDR[0] File: /home/ashinashell/class-coding/EE443_Labs/Lab_6/DAT_MEM.vhd Line: 7
Warning (13012): Latch DOUT[8]$latch has unsafe behavior File: /home/ashinashell/class-coding/EE443_Labs/Lab_6/DAT_MEM.vhd Line: 68
    Warning (13013): Ports D and ENA on the latch are fed by the same signal ADDR[0] File: /home/ashinashell/class-coding/EE443_Labs/Lab_6/DAT_MEM.vhd Line: 7
Warning (13012): Latch DOUT[9]$latch has unsafe behavior File: /home/ashinashell/class-coding/EE443_Labs/Lab_6/DAT_MEM.vhd Line: 68
    Warning (13013): Ports D and ENA on the latch are fed by the same signal ADDR[0] File: /home/ashinashell/class-coding/EE443_Labs/Lab_6/DAT_MEM.vhd Line: 7
Warning (13012): Latch DOUT[10]$latch has unsafe behavior File: /home/ashinashell/class-coding/EE443_Labs/Lab_6/DAT_MEM.vhd Line: 68
    Warning (13013): Ports D and ENA on the latch are fed by the same signal ADDR[0] File: /home/ashinashell/class-coding/EE443_Labs/Lab_6/DAT_MEM.vhd Line: 7
Warning (13012): Latch DOUT[11]$latch has unsafe behavior File: /home/ashinashell/class-coding/EE443_Labs/Lab_6/DAT_MEM.vhd Line: 68
    Warning (13013): Ports D and ENA on the latch are fed by the same signal ADDR[0] File: /home/ashinashell/class-coding/EE443_Labs/Lab_6/DAT_MEM.vhd Line: 7
Warning (13012): Latch DOUT[12]$latch has unsafe behavior File: /home/ashinashell/class-coding/EE443_Labs/Lab_6/DAT_MEM.vhd Line: 68
    Warning (13013): Ports D and ENA on the latch are fed by the same signal ADDR[0] File: /home/ashinashell/class-coding/EE443_Labs/Lab_6/DAT_MEM.vhd Line: 7
Warning (13012): Latch DOUT[13]$latch has unsafe behavior File: /home/ashinashell/class-coding/EE443_Labs/Lab_6/DAT_MEM.vhd Line: 68
    Warning (13013): Ports D and ENA on the latch are fed by the same signal ADDR[0] File: /home/ashinashell/class-coding/EE443_Labs/Lab_6/DAT_MEM.vhd Line: 7
Warning (13012): Latch DOUT[14]$latch has unsafe behavior File: /home/ashinashell/class-coding/EE443_Labs/Lab_6/DAT_MEM.vhd Line: 68
    Warning (13013): Ports D and ENA on the latch are fed by the same signal ADDR[0] File: /home/ashinashell/class-coding/EE443_Labs/Lab_6/DAT_MEM.vhd Line: 7
Warning (13012): Latch DOUT[15]$latch has unsafe behavior File: /home/ashinashell/class-coding/EE443_Labs/Lab_6/DAT_MEM.vhd Line: 68
    Warning (13013): Ports D and ENA on the latch are fed by the same signal ADDR[0] File: /home/ashinashell/class-coding/EE443_Labs/Lab_6/DAT_MEM.vhd Line: 7
Info (286030): Timing-Driven Synthesis is running
Info (16010): Generating hard_block partition "hard_block:auto_generated_inst"
    Info (16011): Adding 0 node(s), including 0 DDIO, 0 PLL, 0 transceiver and 0 LCELL
Warning (21074): Design contains 11 input pin(s) that do not drive logic
    Warning (15610): No output dependent on input pin "ADDR[5]" File: /home/ashinashell/class-coding/EE443_Labs/Lab_6/DAT_MEM.vhd Line: 7
    Warning (15610): No output dependent on input pin "ADDR[6]" File: /home/ashinashell/class-coding/EE443_Labs/Lab_6/DAT_MEM.vhd Line: 7
    Warning (15610): No output dependent on input pin "ADDR[7]" File: /home/ashinashell/class-coding/EE443_Labs/Lab_6/DAT_MEM.vhd Line: 7
    Warning (15610): No output dependent on input pin "ADDR[8]" File: /home/ashinashell/class-coding/EE443_Labs/Lab_6/DAT_MEM.vhd Line: 7
    Warning (15610): No output dependent on input pin "ADDR[9]" File: /home/ashinashell/class-coding/EE443_Labs/Lab_6/DAT_MEM.vhd Line: 7
    Warning (15610): No output dependent on input pin "ADDR[10]" File: /home/ashinashell/class-coding/EE443_Labs/Lab_6/DAT_MEM.vhd Line: 7
    Warning (15610): No output dependent on input pin "ADDR[11]" File: /home/ashinashell/class-coding/EE443_Labs/Lab_6/DAT_MEM.vhd Line: 7
    Warning (15610): No output dependent on input pin "ADDR[12]" File: /home/ashinashell/class-coding/EE443_Labs/Lab_6/DAT_MEM.vhd Line: 7
    Warning (15610): No output dependent on input pin "ADDR[13]" File: /home/ashinashell/class-coding/EE443_Labs/Lab_6/DAT_MEM.vhd Line: 7
    Warning (15610): No output dependent on input pin "ADDR[14]" File: /home/ashinashell/class-coding/EE443_Labs/Lab_6/DAT_MEM.vhd Line: 7
    Warning (15610): No output dependent on input pin "ADDR[15]" File: /home/ashinashell/class-coding/EE443_Labs/Lab_6/DAT_MEM.vhd Line: 7
Info (21057): Implemented 601 device resources after synthesis - the final resource count might be different
    Info (21058): Implemented 35 input pins
    Info (21059): Implemented 16 output pins
    Info (21061): Implemented 550 logic cells
Info: Quartus Prime Analysis & Synthesis was successful. 0 errors, 46 warnings
    Info: Peak virtual memory: 486 megabytes
    Info: Processing ended: Fri Apr 24 01:59:41 2026
    Info: Elapsed time: 00:00:06
    Info: Total CPU time (on all processors): 00:00:18


