------------------------------------------------------------
Timing Analyzer Summary
------------------------------------------------------------

Type  : Slow 1200mV 85C Model Setup 'SW17'
Slack : -24.536
TNS   : -5281.243

Type  : Slow 1200mV 85C Model Setup 'm16dp1:inst4|PC:inst|REG16:reg|REG8:reg_1|y[1]'
Slack : -18.229
TNS   : -132.379

Type  : Slow 1200mV 85C Model Hold 'm16dp1:inst4|PC:inst|REG16:reg|REG8:reg_1|y[1]'
Slack : -12.010
TNS   : -93.329

Type  : Slow 1200mV 85C Model Hold 'SW17'
Slack : -1.162
TNS   : -5.712

Type  : Slow 1200mV 85C Model Recovery 'm16dp1:inst4|PC:inst|REG16:reg|REG8:reg_1|y[1]'
Slack : -18.980
TNS   : -167.964

Type  : Slow 1200mV 85C Model Removal 'm16dp1:inst4|PC:inst|REG16:reg|REG8:reg_1|y[1]'
Slack : -11.831
TNS   : -110.893

Type  : Slow 1200mV 85C Model Minimum Pulse Width 'm16dp1:inst4|PC:inst|REG16:reg|REG8:reg_1|y[1]'
Slack : -8.904
TNS   : -3791.128

Type  : Slow 1200mV 85C Model Minimum Pulse Width 'SW17'
Slack : -3.000
TNS   : -414.200

Type  : Slow 1200mV 0C Model Setup 'SW17'
Slack : -22.267
TNS   : -4809.575

Type  : Slow 1200mV 0C Model Setup 'm16dp1:inst4|PC:inst|REG16:reg|REG8:reg_1|y[1]'
Slack : -16.975
TNS   : -123.535

Type  : Slow 1200mV 0C Model Hold 'm16dp1:inst4|PC:inst|REG16:reg|REG8:reg_1|y[1]'
Slack : -11.079
TNS   : -85.999

Type  : Slow 1200mV 0C Model Hold 'SW17'
Slack : -1.137
TNS   : -5.985

Type  : Slow 1200mV 0C Model Recovery 'm16dp1:inst4|PC:inst|REG16:reg|REG8:reg_1|y[1]'
Slack : -17.626
TNS   : -155.968

Type  : Slow 1200mV 0C Model Removal 'm16dp1:inst4|PC:inst|REG16:reg|REG8:reg_1|y[1]'
Slack : -10.866
TNS   : -102.329

Type  : Slow 1200mV 0C Model Minimum Pulse Width 'm16dp1:inst4|PC:inst|REG16:reg|REG8:reg_1|y[1]'
Slack : -8.220
TNS   : -3406.516

Type  : Slow 1200mV 0C Model Minimum Pulse Width 'SW17'
Slack : -3.000
TNS   : -414.200

Type  : Fast 1200mV 0C Model Setup 'SW17'
Slack : -11.839
TNS   : -2439.292

Type  : Fast 1200mV 0C Model Setup 'm16dp1:inst4|PC:inst|REG16:reg|REG8:reg_1|y[1]'
Slack : -9.163
TNS   : -64.991

Type  : Fast 1200mV 0C Model Hold 'm16dp1:inst4|PC:inst|REG16:reg|REG8:reg_1|y[1]'
Slack : -5.848
TNS   : -45.039

Type  : Fast 1200mV 0C Model Hold 'SW17'
Slack : -0.551
TNS   : -2.934

Type  : Fast 1200mV 0C Model Recovery 'm16dp1:inst4|PC:inst|REG16:reg|REG8:reg_1|y[1]'
Slack : -9.277
TNS   : -81.594

Type  : Fast 1200mV 0C Model Removal 'm16dp1:inst4|PC:inst|REG16:reg|REG8:reg_1|y[1]'
Slack : -5.675
TNS   : -53.035

Type  : Fast 1200mV 0C Model Minimum Pulse Width 'm16dp1:inst4|PC:inst|REG16:reg|REG8:reg_1|y[1]'
Slack : -4.237
TNS   : -1490.448

Type  : Fast 1200mV 0C Model Minimum Pulse Width 'SW17'
Slack : -3.000
TNS   : -381.297

------------------------------------------------------------
