Flow report for Lab9
Mon Apr 27 18:04:39 2026
Quartus Prime Version 22.1std.2 Build 922 07/20/2023 SC Lite Edition


---------------------
; Table of Contents ;
---------------------
  1. Legal Notice
  2. Flow Summary
  3. Flow Settings
  4. Flow Non-Default Global Settings
  5. Flow Elapsed Time
  6. Flow OS Summary
  7. Flow Log
  8. Flow Messages
  9. Flow Suppressed Messages



----------------
; Legal Notice ;
----------------
Copyright (C) 2023  Intel Corporation. All rights reserved.
Your use of Intel Corporation's design tools, logic functions 
and other software and tools, and any partner logic 
functions, and any output files from any of the foregoing 
(including device programming or simulation files), and any 
associated documentation or information are expressly subject 
to the terms and conditions of the Intel Program License 
Subscription Agreement, the Intel Quartus Prime License Agreement,
the Intel FPGA IP License Agreement, or other applicable license
agreement, including, without limitation, that your use is for
the sole purpose of programming logic devices manufactured by
Intel and sold by Intel or its authorized distributors.  Please
refer to the applicable agreement for further details, at
https://fpgasoftware.intel.com/eula.



+-------------------------------------------------------------------------------------+
; Flow Summary                                                                        ;
+------------------------------------+------------------------------------------------+
; Flow Status                        ; Successful - Mon Apr 27 18:04:39 2026          ;
; Quartus Prime Version              ; 22.1std.2 Build 922 07/20/2023 SC Lite Edition ;
; Revision Name                      ; Lab9                                           ;
; Top-level Entity Name              ; m16dp                                          ;
; Family                             ; Cyclone IV E                                   ;
; Device                             ; EP4CE115F29C7                                  ;
; Timing Models                      ; Final                                          ;
; Total logic elements               ; 931 / 114,480 ( < 1 % )                        ;
;     Total combinational functions  ; 824 / 114,480 ( < 1 % )                        ;
;     Dedicated logic registers      ; 320 / 114,480 ( < 1 % )                        ;
; Total registers                    ; 320                                            ;
; Total pins                         ; 247 / 529 ( 47 % )                             ;
; Total virtual pins                 ; 0                                              ;
; Total memory bits                  ; 0 / 3,981,312 ( 0 % )                          ;
; Embedded Multiplier 9-bit elements ; 0 / 532 ( 0 % )                                ;
; Total PLLs                         ; 0 / 4 ( 0 % )                                  ;
+------------------------------------+------------------------------------------------+


+-----------------------------------------+
; Flow Settings                           ;
+-------------------+---------------------+
; Option            ; Setting             ;
+-------------------+---------------------+
; Start date & time ; 04/27/2026 18:01:01 ;
; Main task         ; Compilation         ;
; Revision Name     ; Lab9                ;
+-------------------+---------------------+


+------------------------------------------------------------------------------------------------------------------------------------------------+
; Flow Non-Default Global Settings                                                                                                               ;
+-------------------------------------+----------------------------------------+---------------+-------------+-----------------------------------+
; Assignment Name                     ; Value                                  ; Default Value ; Entity Name ; Section Id                        ;
+-------------------------------------+----------------------------------------+---------------+-------------+-----------------------------------+
; COMPILER_SIGNATURE_ID               ; 88623634763252.177734166106608         ; --            ; --          ; --                                ;
; EDA_GENERATE_FUNCTIONAL_NETLIST     ; Off                                    ; --            ; --          ; eda_board_design_timing           ;
; EDA_GENERATE_FUNCTIONAL_NETLIST     ; Off                                    ; --            ; --          ; eda_timing_analysis               ;
; EDA_GENERATE_FUNCTIONAL_NETLIST     ; Off                                    ; --            ; --          ; eda_board_design_boundary_scan    ;
; EDA_GENERATE_FUNCTIONAL_NETLIST     ; Off                                    ; --            ; --          ; eda_board_design_signal_integrity ;
; EDA_GENERATE_FUNCTIONAL_NETLIST     ; Off                                    ; --            ; --          ; eda_formal_verification           ;
; EDA_GENERATE_FUNCTIONAL_NETLIST     ; Off                                    ; --            ; --          ; eda_board_design_symbol           ;
; EDA_OUTPUT_DATA_FORMAT              ; Vhdl                                   ; --            ; --          ; eda_simulation                    ;
; EDA_SIMULATION_TOOL                 ; Questa Intel FPGA (VHDL)               ; <None>        ; --          ; --                                ;
; EDA_TIME_SCALE                      ; 1 ps                                   ; --            ; --          ; eda_simulation                    ;
; MAX_CORE_JUNCTION_TEMP              ; 85                                     ; --            ; --          ; --                                ;
; MIN_CORE_JUNCTION_TEMP              ; 0                                      ; --            ; --          ; --                                ;
; NOMINAL_CORE_SUPPLY_VOLTAGE         ; 1.2V                                   ; --            ; --          ; --                                ;
; PARTITION_COLOR                     ; -- (Not supported for targeted family) ; --            ; m16dp       ; Top                               ;
; PARTITION_FITTER_PRESERVATION_LEVEL ; -- (Not supported for targeted family) ; --            ; m16dp       ; Top                               ;
; PARTITION_NETLIST_TYPE              ; -- (Not supported for targeted family) ; --            ; m16dp       ; Top                               ;
; POWER_BOARD_THERMAL_MODEL           ; None (CONSERVATIVE)                    ; --            ; --          ; --                                ;
; POWER_PRESET_COOLING_SOLUTION       ; 23 MM HEAT SINK WITH 200 LFPM AIRFLOW  ; --            ; --          ; --                                ;
; PROJECT_OUTPUT_DIRECTORY            ; output_files                           ; --            ; --          ; --                                ;
; TOP_LEVEL_ENTITY                    ; m16dp                                  ; Lab9          ; --          ; --                                ;
+-------------------------------------+----------------------------------------+---------------+-------------+-----------------------------------+


+--------------------------------------------------------------------------------------------------------------------------+
; Flow Elapsed Time                                                                                                        ;
+----------------------+--------------+-------------------------+---------------------+------------------------------------+
; Module Name          ; Elapsed Time ; Average Processors Used ; Peak Virtual Memory ; Total CPU Time (on all processors) ;
+----------------------+--------------+-------------------------+---------------------+------------------------------------+
; Analysis & Synthesis ; 00:00:12     ; 1.0                     ; 4832 MB             ; 00:00:14                           ;
; Fitter               ; 00:01:09     ; 1.0                     ; 5736 MB             ; 00:00:52                           ;
; Assembler            ; 00:00:03     ; 1.0                     ; 4726 MB             ; 00:00:02                           ;
; Timing Analyzer      ; 00:00:04     ; 1.2                     ; 4882 MB             ; 00:00:03                           ;
; EDA Netlist Writer   ; 00:00:01     ; 1.0                     ; 4660 MB             ; 00:00:01                           ;
; EDA Netlist Writer   ; 00:00:01     ; 1.0                     ; 4660 MB             ; 00:00:00                           ;
; EDA Netlist Writer   ; 00:00:02     ; 1.0                     ; 4696 MB             ; 00:00:01                           ;
; EDA Netlist Writer   ; 00:00:00     ; 1.0                     ; 4660 MB             ; 00:00:00                           ;
; EDA Netlist Writer   ; 00:00:01     ; 1.0                     ; 4696 MB             ; 00:00:01                           ;
; Total                ; 00:01:33     ; --                      ; --                  ; 00:01:14                           ;
+----------------------+--------------+-------------------------+---------------------+------------------------------------+


+------------------------------------------------------------------------------------+
; Flow OS Summary                                                                    ;
+----------------------+------------------+------------+------------+----------------+
; Module Name          ; Machine Hostname ; OS Name    ; OS Version ; Processor type ;
+----------------------+------------------+------------+------------+----------------+
; Analysis & Synthesis ; CEM-DIGILAB-3    ; Windows 10 ; 10.0       ; x86_64         ;
; Fitter               ; CEM-DIGILAB-3    ; Windows 10 ; 10.0       ; x86_64         ;
; Assembler            ; CEM-DIGILAB-3    ; Windows 10 ; 10.0       ; x86_64         ;
; Timing Analyzer      ; CEM-DIGILAB-3    ; Windows 10 ; 10.0       ; x86_64         ;
; EDA Netlist Writer   ; CEM-DIGILAB-3    ; Windows 10 ; 10.0       ; x86_64         ;
; EDA Netlist Writer   ; CEM-DIGILAB-3    ; Windows 10 ; 10.0       ; x86_64         ;
; EDA Netlist Writer   ; CEM-DIGILAB-3    ; Windows 10 ; 10.0       ; x86_64         ;
; EDA Netlist Writer   ; CEM-DIGILAB-3    ; Windows 10 ; 10.0       ; x86_64         ;
; EDA Netlist Writer   ; CEM-DIGILAB-3    ; Windows 10 ; 10.0       ; x86_64         ;
+----------------------+------------------+------------+------------+----------------+


------------
; Flow Log ;
------------
quartus_map --read_settings_files=on --write_settings_files=off Lab9 -c Lab9
quartus_fit --read_settings_files=off --write_settings_files=off Lab9 -c Lab9
quartus_asm --read_settings_files=off --write_settings_files=off Lab9 -c Lab9
quartus_sta Lab9 -c Lab9
quartus_eda --read_settings_files=off --write_settings_files=off Lab9 -c Lab9
quartus_eda --gen_testbench --tool=modelsim_oem --format=vhdl --write_settings_files=off Lab9 -c Lab9 --vector_source=D:/Users/akmooreschultz/Documents/EE443/EE443_Labs/Lab_9/Waveform2.vwf --testbench_file=D:/Users/akmooreschultz/Documents/EE443/EE443_Labs/Lab_9/simulation/qsim/Waveform2.vwf.vht
quartus_eda --write_settings_files=off --simulation=on --functional=off --flatten_buses=off --timescale=1ps --tool=modelsim_oem --format=vhdl --output_directory=D:/Users/akmooreschultz/Documents/EE443/EE443_Labs/Lab_9/simulation/qsim/ Lab9 -c Lab9
quartus_eda --gen_testbench --tool=modelsim_oem --format=vhdl --write_settings_files=off Lab9 -c Lab9 --vector_source=D:/Users/akmooreschultz/Documents/EE443/EE443_Labs/Lab_9/Waveform2.vwf --testbench_file=D:/Users/akmooreschultz/Documents/EE443/EE443_Labs/Lab_9/simulation/qsim/Waveform2.vwf.vht
quartus_eda --write_settings_files=off --simulation=on --functional=off --flatten_buses=off --timescale=1ps --tool=modelsim_oem --format=vhdl --output_directory=D:/Users/akmooreschultz/Documents/EE443/EE443_Labs/Lab_9/simulation/qsim/ Lab9 -c Lab9



