------------------------------------------------------------
Timing Analyzer Summary
------------------------------------------------------------

Type  : Slow 1200mV 85C Model Setup 'SW[17]'
Slack : -23.035
TNS   : -5255.688

Type  : Slow 1200mV 85C Model Setup 'm16dp1:inst4|PC:inst|REG16:reg|REG8:reg_1|y[1]'
Slack : -21.368
TNS   : -142.654

Type  : Slow 1200mV 85C Model Hold 'm16dp1:inst4|PC:inst|REG16:reg|REG8:reg_1|y[1]'
Slack : -12.432
TNS   : -91.169

Type  : Slow 1200mV 85C Model Hold 'SW[17]'
Slack : -1.626
TNS   : -5.327

Type  : Slow 1200mV 85C Model Recovery 'm16dp1:inst4|PC:inst|REG16:reg|REG8:reg_1|y[1]'
Slack : -20.333
TNS   : -102.649

Type  : Slow 1200mV 85C Model Removal 'm16dp1:inst4|PC:inst|REG16:reg|REG8:reg_1|y[1]'
Slack : -12.844
TNS   : -89.832

Type  : Slow 1200mV 85C Model Minimum Pulse Width 'm16dp1:inst4|PC:inst|REG16:reg|REG8:reg_1|y[1]'
Slack : -9.401
TNS   : -2777.197

Type  : Slow 1200mV 85C Model Minimum Pulse Width 'SW[17]'
Slack : -3.000
TNS   : -414.200

Type  : Slow 1200mV 0C Model Setup 'SW[17]'
Slack : -20.970
TNS   : -4796.543

Type  : Slow 1200mV 0C Model Setup 'm16dp1:inst4|PC:inst|REG16:reg|REG8:reg_1|y[1]'
Slack : -20.078
TNS   : -133.414

Type  : Slow 1200mV 0C Model Hold 'm16dp1:inst4|PC:inst|REG16:reg|REG8:reg_1|y[1]'
Slack : -11.381
TNS   : -83.829

Type  : Slow 1200mV 0C Model Hold 'SW[17]'
Slack : -1.589
TNS   : -6.692

Type  : Slow 1200mV 0C Model Recovery 'm16dp1:inst4|PC:inst|REG16:reg|REG8:reg_1|y[1]'
Slack : -18.940
TNS   : -95.604

Type  : Slow 1200mV 0C Model Removal 'm16dp1:inst4|PC:inst|REG16:reg|REG8:reg_1|y[1]'
Slack : -11.755
TNS   : -82.401

Type  : Slow 1200mV 0C Model Minimum Pulse Width 'm16dp1:inst4|PC:inst|REG16:reg|REG8:reg_1|y[1]'
Slack : -8.628
TNS   : -2481.024

Type  : Slow 1200mV 0C Model Minimum Pulse Width 'SW[17]'
Slack : -3.000
TNS   : -414.200

Type  : Fast 1200mV 0C Model Setup 'SW[17]'
Slack : -11.029
TNS   : -2452.564

Type  : Fast 1200mV 0C Model Setup 'm16dp1:inst4|PC:inst|REG16:reg|REG8:reg_1|y[1]'
Slack : -10.640
TNS   : -69.455

Type  : Fast 1200mV 0C Model Hold 'm16dp1:inst4|PC:inst|REG16:reg|REG8:reg_1|y[1]'
Slack : -5.938
TNS   : -43.654

Type  : Fast 1200mV 0C Model Hold 'SW[17]'
Slack : -0.764
TNS   : -2.870

Type  : Fast 1200mV 0C Model Recovery 'm16dp1:inst4|PC:inst|REG16:reg|REG8:reg_1|y[1]'
Slack : -9.850
TNS   : -46.093

Type  : Fast 1200mV 0C Model Removal 'm16dp1:inst4|PC:inst|REG16:reg|REG8:reg_1|y[1]'
Slack : -6.124
TNS   : -42.545

Type  : Fast 1200mV 0C Model Minimum Pulse Width 'm16dp1:inst4|PC:inst|REG16:reg|REG8:reg_1|y[1]'
Slack : -4.179
TNS   : -1028.621

Type  : Fast 1200mV 0C Model Minimum Pulse Width 'SW[17]'
Slack : -3.000
TNS   : -374.869

------------------------------------------------------------
